
Running 198 tests using 2 workers

(node:8848) Warning: The 'NO_COLOR' env is ignored due to the 'FORCE_COLOR' env being set.
(Use `node --trace-warnings ...` to show where the warning was created)
(node:32580) Warning: The 'NO_COLOR' env is ignored due to the 'FORCE_COLOR' env being set.
(Use `node --trace-warnings ...` to show where the warning was created)
(node:8848) Warning: The 'NO_COLOR' env is ignored due to the 'FORCE_COLOR' env being set.
(Use `node --trace-warnings ...` to show where the warning was created)
(node:32580) Warning: The 'NO_COLOR' env is ignored due to the 'FORCE_COLOR' env being set.
(Use `node --trace-warnings ...` to show where the warning was created)
  ok   2 [chromium-desktop] › tests\e2e\corporate-assets.spec.ts:4:5 › adopted concepts and illustrations load in both languages without implying real screens or a playable video (7.8s)
  ok   3 [chromium-desktop] › tests\e2e\corporate-assets.spec.ts:96:5 › social cards use the correct language, full image URLs and a news-specific cover (2.7s)
  ok   4 [chromium-desktop] › tests\e2e\gradient-surfaces.spec.ts:3:5 › section colors keep their authored palette and background washes remain soft (1.5s)
  ok   5 [chromium-desktop] › tests\e2e\gradient-surfaces.spec.ts:44:5 › all Hero copy has readable normal ink with motion suppressed and a single image shade (2.3s)
  ok   6 [chromium-desktop] › tests\e2e\gradient-surfaces.spec.ts:80:5 › body color cancels safely on reduced motion and animation API failure (1.4s)
  ok   7 [chromium-desktop] › tests\e2e\gradient-surfaces.spec.ts:102:5 › reading bands clear on resize and partial animation failure without masking text (1.1s)
  ok   1 [chromium-desktop] › tests\e2e\afterglow.spec.ts:3:5 › all authored text has a decorative color layer with readable sources in both languages (22.3s)
  ok   9 [chromium-desktop] › tests\e2e\afterglow.spec.ts:133:5 › body background and color appear together, then return to readable stationary ink (4.5s)
  ok   8 [chromium-desktop] › tests\e2e\hero-v4.spec.ts:4:7 › / lands without movement, finishes its text color and saves business effects for scrolling (15.7s)
  ok  10 [chromium-desktop] › tests\e2e\afterglow.spec.ts:199:5 › all menu text receives finite color effects that restart without masking navigation (11.8s)
  ok  12 [chromium-desktop] › tests\e2e\afterglow.spec.ts:296:5 › heading color outlasts its decorative band and then fades (4.9s)
  ok  11 [chromium-desktop] › tests\e2e\hero-v4.spec.ts:4:7 › /en lands without movement, finishes its text color and saves business effects for scrolling (16.3s)
  ok  14 [chromium-desktop] › tests\e2e\hero-v4.spec.ts:132:5 › viewport-sized hero and static business band fit short, tall and narrow screens (4.1s)
  ok  15 [chromium-desktop] › tests\e2e\i18n.spec.ts:6:5 › English pages have localized headings, metadata, controls and server HTML (3.1s)
  ok  16 [chromium-desktop] › tests\e2e\i18n.spec.ts:56:5 › language switching preserves each page and business anchors, including menu navigation and Back (12.0s)
  ok  17 [chromium-desktop] › tests\e2e\i18n.spec.ts:99:5 › unpublished English articles and missing routes return localized 404 with honest translation choices (2.0s)
  ok  18 [chromium-desktop] › tests\e2e\i18n.spec.ts:130:5 › English contact remains disabled, reports no send, and protects unsent drafts before language navigation (980ms)
  ok  13 [chromium-desktop] › tests\e2e\afterglow.spec.ts:365:5 › heading and band palettes stay fixed across random seeds while the hero stays still (33.0s)
  ok  19 [chromium-desktop] › tests\e2e\i18n.spec.ts:176:5 › 320px layouts keep both languages and menu controls within the screen (6.0s)
  ok  21 [chromium-desktop] › tests\e2e\i18n.spec.ts:217:5 › Device reduced motion survives language navigation without site controls and images are optional to understanding the company (2.6s)
  ok  20 [chromium-desktop] › tests\e2e\metrics.spec.ts:3:5 › the counter progresses once without shifting its width or announcing intermediate numbers (6.3s)
  ok  23 [chromium-desktop] › tests\e2e\metrics.spec.ts:46:5 › enabling device reduced motion during an active counter shows its final value and stops the number and color animation (2.4s)
  ok  24 [chromium-desktop] › tests\e2e\metrics.spec.ts:60:5 › both languages label the example figures and preserve readable values without motion or JavaScript (4.4s)
  ok  22 [chromium-desktop] › tests\e2e\i18n.spec.ts:265:5 › English pages and menu pass WCAG 2.2 AA and work without JavaScript (13.0s)
  ok  25 [chromium-desktop] › tests\e2e\motion.spec.ts:3:5 › body text is readable without masks before entering the viewport and after scrolling (4.6s)
  ok  26 [chromium-desktop] › tests\e2e\opening-lifecycle.spec.ts:3:5 › late font readiness cannot restart a dismissed opening after a device preference change (7.3s)
  ok  27 [chromium-desktop] › tests\e2e\motion.spec.ts:92:5 › menu curtains animate behind immediately readable navigation text on each opening (10.3s)
  ok  28 [chromium-desktop] › tests\e2e\readability.spec.ts:7:7 › readable page structure fits 320px in both languages (5.3s)
  ok  29 [chromium-desktop] › tests\e2e\motion.spec.ts:151:5 › pausing during the entrance clears decorative bands and images without hiding copy (2.4s)
  ok  31 [chromium-desktop] › tests\e2e\motion.spec.ts:190:5 › resize and a partially failing animation API cannot strand a colored cover (2.2s)
  ok  30 [chromium-desktop] › tests\e2e\readability.spec.ts:7:7 › readable page structure fits 390px in both languages (5.1s)
  ok  33 [chromium-desktop] › tests\e2e\readability.spec.ts:7:7 › readable page structure fits 768px in both languages (5.1s)
  ok  34 [chromium-desktop] › tests\e2e\readability.spec.ts:7:7 › readable page structure fits 1440px in both languages (5.0s)
  ok  32 [chromium-desktop] › tests\e2e\revision-v3.spec.ts:4:5 › completed handwriting holds for a second then lands on the hero line boxes (12.7s)
  ok  36 [chromium-desktop] › tests\e2e\revision-v3.spec.ts:78:7 › company thumbnails in both languages wait offscreen and fade with travel (4.8s)
  ok  35 [chromium-desktop] › tests\e2e\readability.spec.ts:29:5 › 200 percent text enlargement keeps all pages readable and the menu usable (8.2s)
  ok  38 [chromium-desktop] › tests\e2e\readability.spec.ts:60:5 › home summaries lead to additional detail and contact availability is clear before navigation (2.8s)
  ok  37 [chromium-desktop] › tests\e2e\revision-v3.spec.ts:78:7 › business thumbnails in both languages wait offscreen and fade with travel (5.1s)
  ok  39 [chromium-desktop] › tests\e2e\site.spec.ts:13:5 › all real pages render, stay out of search and have no horizontal overflow (3.5s)
  ok  40 [chromium-desktop] › tests\e2e\revision-v3.spec.ts:78:7 › about thumbnails in both languages wait offscreen and fade with travel (4.8s)
  ok  42 [chromium-desktop] › tests\e2e\revision-v3.spec.ts:142:5 › an About image inside the initial viewport enters and settles without scrolling (2.5s)
  ok  43 [chromium-desktop] › tests\e2e\revision-v3.spec.ts:174:5 › production copy has a prominent localized collaboration CTA and no draft notices (2.0s)
  ok  44 [chromium-desktop] › tests\e2e\revision-v3.spec.ts:197:5 › cursor trails remain removed on mouse, touch and reduced motion (2.0s)
  ok  41 [chromium-desktop] › tests\e2e\site.spec.ts:38:5 › menu traps Tab and Shift+Tab, closes with Escape and restores scroll and focus (10.3s)
  ok  45 [chromium-desktop] › tests\e2e\storyboard.spec.ts:3:5 › opening writes the exact phrase with no ink dots before each pen stroke (8.5s)
  ok  46 [chromium-desktop] › tests\e2e\site.spec.ts:81:5 › menu navigation focuses destination and Back leaves no lock (9.4s)
  ok  48 [chromium-desktop] › tests\e2e\site.spec.ts:100:5 › rapid close, reopen, resizing and short-height navigation remain usable (10.5s)
  ok  49 [chromium-desktop] › tests\e2e\site.spec.ts:121:5 › contact cannot collect or falsely report sending; unpublished articles return 404 (2.1s)
  ok  50 [chromium-desktop] › tests\e2e\site.spec.ts:154:5 › device reduced-motion persists on reload and keeps content visible without site controls (2.2s)
  x   47 [chromium-desktop] › tests\e2e\storyboard.spec.ts:62:7 › opening has no skip UI and releases focus on Tab (19.5s)
(node:34104) Warning: The 'NO_COLOR' env is ignored due to the 'FORCE_COLOR' env being set.
(Use `node --trace-warnings ...` to show where the warning was created)
(node:34104) Warning: The 'NO_COLOR' env is ignored due to the 'FORCE_COLOR' env being set.
(Use `node --trace-warnings ...` to show where the warning was created)
  ok  51 [chromium-desktop] › tests\e2e\site.spec.ts:186:5 › cut-in ends in place across scrolling, touch has no pointer effect (5.4s)
  ok  52 [chromium-desktop] › tests\e2e\storyboard.spec.ts:62:7 › opening has no skip UI and releases focus on Escape (2.0s)
  ok  54 [chromium-desktop] › tests\e2e\storyboard.spec.ts:62:7 › opening has no skip UI and releases focus on scroll (2.0s)
  ok  55 [chromium-desktop] › tests\e2e\storyboard.spec.ts:86:5 › opening replays on reload and full home navigation in both languages (3.6s)
  ok  56 [chromium-desktop] › tests\e2e\storyboard.spec.ts:112:5 › device preferences and direct anchors work; the removed saved toggle has no effect (2.5s)
  ok  57 [chromium-desktop] › tests\e2e\storyboard.spec.ts:139:5 › changing reduced motion during the opening releases the native modal (1.7s)
  ok  58 [chromium-desktop] › tests\e2e\storyboard.spec.ts:155:5 › thumbnails wait transparent offscreen, fade and travel on entry, then stay settled (10.3s)
  ok  53 [chromium-desktop] › tests\e2e\site.spec.ts:223:5 › 360, 768, and effective 200% desktop zoom have no clipped controls (24.4s)
  ok  59 [chromium-desktop] › tests\e2e\storyboard.spec.ts:218:5 › an active image fade settles on OS change and a focused waiting card is immediately readable (9.0s)
  ok  60 [chromium-desktop] › tests\e2e\site.spec.ts:246:5 › key pages and the full-screen menu pass axe WCAG 2.2 AA (9.7s)
  ok  62 [chromium-desktop] › tests\e2e\site.spec.ts:271:5 › without JavaScript all copy and footer routes remain available (1.3s)
  ok  61 [chromium-desktop] › tests\e2e\storyboard.spec.ts:246:5 › no JavaScript, forced colors and failed image animation all expose readable thumbnails (5.1s)
  ok  63 [chromium-desktop] › tests\e2e\site.spec.ts:290:5 › animation API failure leaves readable content and working navigation (2.0s)
(node:38276) Warning: The 'NO_COLOR' env is ignored due to the 'FORCE_COLOR' env being set.
(Use `node --trace-warnings ...` to show where the warning was created)
(node:38276) Warning: The 'NO_COLOR' env is ignored due to the 'FORCE_COLOR' env being set.
(Use `node --trace-warnings ...` to show where the warning was created)
  ok  64 [chromium-desktop] › tests\e2e\thumbnails.spec.ts:22:5 › four selected assets load in all eight business placements in both languages and stay static on scroll (17.8s)
  ok  65 [chromium-mobile] › tests\e2e\afterglow.spec.ts:3:5 › all authored text has a decorative color layer with readable sources in both languages (21.7s)
  ok  67 [chromium-mobile] › tests\e2e\afterglow.spec.ts:133:5 › body background and color appear together, then return to readable stationary ink (4.5s)
  ok  66 [chromium-desktop] › tests\e2e\thumbnails.spec.ts:70:5 › only the thumbnail cursor hover cycles eight palettes; focus and touch remain static (18.9s)
  ok  68 [chromium-mobile] › tests\e2e\afterglow.spec.ts:199:5 › all menu text receives finite color effects that restart without masking navigation (12.3s)
  ok  70 [chromium-mobile] › tests\e2e\afterglow.spec.ts:296:5 › heading color outlasts its decorative band and then fades (5.3s)
  ok  69 [chromium-desktop] › tests\e2e\thumbnails.spec.ts:124:5 › detail image hover honors device reduced motion and resumes on preference change while the hero stays static (11.4s)
(node:9292) Warning: The 'NO_COLOR' env is ignored due to the 'FORCE_COLOR' env being set.
(Use `node --trace-warnings ...` to show where the warning was created)
(node:9292) Warning: The 'NO_COLOR' env is ignored due to the 'FORCE_COLOR' env being set.
(Use `node --trace-warnings ...` to show where the warning was created)
  ok  72 [chromium-mobile] › tests\e2e\corporate-assets.spec.ts:4:5 › adopted concepts and illustrations load in both languages without implying real screens or a playable video (7.2s)
  ok  73 [chromium-mobile] › tests\e2e\corporate-assets.spec.ts:96:5 › social cards use the correct language, full image URLs and a news-specific cover (3.0s)
  ok  74 [chromium-mobile] › tests\e2e\gradient-surfaces.spec.ts:3:5 › section colors keep their authored palette and background washes remain soft (1.7s)
  ok  75 [chromium-mobile] › tests\e2e\gradient-surfaces.spec.ts:44:5 › all Hero copy has readable normal ink with motion suppressed and a single image shade (2.4s)
  ok  76 [chromium-mobile] › tests\e2e\gradient-surfaces.spec.ts:80:5 › body color cancels safely on reduced motion and animation API failure (1.6s)
  ok  77 [chromium-mobile] › tests\e2e\gradient-surfaces.spec.ts:102:5 › reading bands clear on resize and partial animation failure without masking text (1.5s)
  ok  71 [chromium-mobile] › tests\e2e\afterglow.spec.ts:365:5 › heading and band palettes stay fixed across random seeds while the hero stays still (35.9s)
  ok  78 [chromium-mobile] › tests\e2e\hero-v4.spec.ts:4:7 › / lands without movement, finishes its text color and saves business effects for scrolling (15.6s)
  ok  80 [chromium-mobile] › tests\e2e\i18n.spec.ts:6:5 › English pages have localized headings, metadata, controls and server HTML (3.6s)
  ok  79 [chromium-mobile] › tests\e2e\hero-v4.spec.ts:4:7 › /en lands without movement, finishes its text color and saves business effects for scrolling (16.0s)
  ok  81 [chromium-mobile] › tests\e2e\i18n.spec.ts:56:5 › language switching preserves each page and business anchors, including menu navigation and Back (12.3s)
  ok  83 [chromium-mobile] › tests\e2e\i18n.spec.ts:99:5 › unpublished English articles and missing routes return localized 404 with honest translation choices (2.1s)
  ok  84 [chromium-mobile] › tests\e2e\i18n.spec.ts:130:5 › English contact remains disabled, reports no send, and protects unsent drafts before language navigation (1.3s)
  ok  82 [chromium-mobile] › tests\e2e\hero-v4.spec.ts:132:5 › viewport-sized hero and static business band fit short, tall and narrow screens (4.1s)
  ok  85 [chromium-mobile] › tests\e2e\i18n.spec.ts:176:5 › 320px layouts keep both languages and menu controls within the screen (5.9s)
  ok  86 [chromium-mobile] › tests\e2e\metrics.spec.ts:3:5 › the counter progresses once without shifting its width or announcing intermediate numbers (6.5s)
  ok  87 [chromium-mobile] › tests\e2e\i18n.spec.ts:217:5 › Device reduced motion survives language navigation without site controls and images are optional to understanding the company (2.9s)
  ok  88 [chromium-mobile] › tests\e2e\metrics.spec.ts:46:5 › enabling device reduced motion during an active counter shows its final value and stops the number and color animation (2.8s)
  ok  90 [chromium-mobile] › tests\e2e\metrics.spec.ts:60:5 › both languages label the example figures and preserve readable values without motion or JavaScript (5.5s)
  ok  91 [chromium-mobile] › tests\e2e\motion.spec.ts:3:5 › body text is readable without masks before entering the viewport and after scrolling (4.9s)
  ok  89 [chromium-mobile] › tests\e2e\i18n.spec.ts:265:5 › English pages and menu pass WCAG 2.2 AA and work without JavaScript (12.8s)
  ok  93 [chromium-mobile] › tests\e2e\opening-lifecycle.spec.ts:3:5 › late font readiness cannot restart a dismissed opening after a device preference change (7.4s)
  ok  92 [chromium-mobile] › tests\e2e\motion.spec.ts:92:5 › menu curtains animate behind immediately readable navigation text on each opening (10.0s)
  ok  95 [chromium-mobile] › tests\e2e\motion.spec.ts:151:5 › pausing during the entrance clears decorative bands and images without hiding copy (2.2s)
  ok  94 [chromium-mobile] › tests\e2e\readability.spec.ts:7:7 › readable page structure fits 320px in both languages (5.1s)
  ok  96 [chromium-mobile] › tests\e2e\motion.spec.ts:190:5 › resize and a partially failing animation API cannot strand a colored cover (2.7s)
  ok  97 [chromium-mobile] › tests\e2e\readability.spec.ts:7:7 › readable page structure fits 390px in both languages (5.3s)
  ok  99 [chromium-mobile] › tests\e2e\readability.spec.ts:7:7 › readable page structure fits 768px in both languages (5.5s)
  ok  98 [chromium-mobile] › tests\e2e\revision-v3.spec.ts:4:5 › completed handwriting holds for a second then lands on the hero line boxes (12.9s)
  ok 100 [chromium-mobile] › tests\e2e\readability.spec.ts:7:7 › readable page structure fits 1440px in both languages (6.0s)
  ok 101 [chromium-mobile] › tests\e2e\revision-v3.spec.ts:78:7 › company thumbnails in both languages wait offscreen and fade with travel (5.0s)
  ok 103 [chromium-mobile] › tests\e2e\revision-v3.spec.ts:78:7 › business thumbnails in both languages wait offscreen and fade with travel (5.0s)
  ok 102 [chromium-mobile] › tests\e2e\readability.spec.ts:29:5 › 200 percent text enlargement keeps all pages readable and the menu usable (9.6s)
  ok 104 [chromium-mobile] › tests\e2e\revision-v3.spec.ts:78:7 › about thumbnails in both languages wait offscreen and fade with travel (5.0s)
  ok 105 [chromium-mobile] › tests\e2e\readability.spec.ts:60:5 › home summaries lead to additional detail and contact availability is clear before navigation (2.7s)
  ok 107 [chromium-mobile] › tests\e2e\site.spec.ts:13:5 › all real pages render, stay out of search and have no horizontal overflow (3.1s)
  ok 106 [chromium-mobile] › tests\e2e\revision-v3.spec.ts:142:5 › an About image inside the initial viewport enters and settles without scrolling (3.8s)
  ok 109 [chromium-mobile] › tests\e2e\revision-v3.spec.ts:174:5 › production copy has a prominent localized collaboration CTA and no draft notices (2.3s)
  ok 110 [chromium-mobile] › tests\e2e\revision-v3.spec.ts:197:5 › cursor trails remain removed on mouse, touch and reduced motion (1.9s)
  ok 108 [chromium-mobile] › tests\e2e\site.spec.ts:38:5 › menu traps Tab and Shift+Tab, closes with Escape and restores scroll and focus (10.3s)
  ok 111 [chromium-mobile] › tests\e2e\storyboard.spec.ts:3:5 › opening writes the exact phrase with no ink dots before each pen stroke (8.5s)
  ok 113 [chromium-mobile] › tests\e2e\storyboard.spec.ts:62:7 › opening has no skip UI and releases focus on Tab (2.1s)
  ok 114 [chromium-mobile] › tests\e2e\storyboard.spec.ts:62:7 › opening has no skip UI and releases focus on Escape (1.9s)
  ok 115 [chromium-mobile] › tests\e2e\storyboard.spec.ts:62:7 › opening has no skip UI and releases focus on scroll (2.3s)
  ok 112 [chromium-mobile] › tests\e2e\site.spec.ts:81:5 › menu navigation focuses destination and Back leaves no lock (9.6s)
  ok 116 [chromium-mobile] › tests\e2e\storyboard.spec.ts:86:5 › opening replays on reload and full home navigation in both languages (3.8s)
  ok 118 [chromium-mobile] › tests\e2e\storyboard.spec.ts:112:5 › device preferences and direct anchors work; the removed saved toggle has no effect (2.4s)
  ok 119 [chromium-mobile] › tests\e2e\storyboard.spec.ts:139:5 › changing reduced motion during the opening releases the native modal (1.8s)
  ok 117 [chromium-mobile] › tests\e2e\site.spec.ts:100:5 › rapid close, reopen, resizing and short-height navigation remain usable (10.7s)
  ok 121 [chromium-mobile] › tests\e2e\site.spec.ts:121:5 › contact cannot collect or falsely report sending; unpublished articles return 404 (2.2s)
  ok 122 [chromium-mobile] › tests\e2e\site.spec.ts:154:5 › device reduced-motion persists on reload and keeps content visible without site controls (2.9s)
  ok 120 [chromium-mobile] › tests\e2e\storyboard.spec.ts:155:5 › thumbnails wait transparent offscreen, fade and travel on entry, then stay settled (10.0s)
  ok 123 [chromium-mobile] › tests\e2e\site.spec.ts:186:5 › cut-in ends in place across scrolling, touch has no pointer effect (5.5s)
  ok 124 [chromium-mobile] › tests\e2e\storyboard.spec.ts:218:5 › an active image fade settles on OS change and a focused waiting card is immediately readable (9.1s)
  ok 126 [chromium-mobile] › tests\e2e\storyboard.spec.ts:246:5 › no JavaScript, forced colors and failed image animation all expose readable thumbnails (5.7s)
  ok 127 [chromium-mobile] › tests\e2e\thumbnails.spec.ts:22:5 › four selected assets load in all eight business placements in both languages and stay static on scroll (12.4s)
  ok 125 [chromium-mobile] › tests\e2e\site.spec.ts:223:5 › 360, 768, and effective 200% desktop zoom have no clipped controls (26.3s)
  ok 128 [chromium-mobile] › tests\e2e\thumbnails.spec.ts:70:5 › only the thumbnail cursor hover cycles eight palettes; focus and touch remain static (11.0s)
  ok 129 [chromium-mobile] › tests\e2e\site.spec.ts:246:5 › key pages and the full-screen menu pass axe WCAG 2.2 AA (9.6s)
  ok 131 [chromium-mobile] › tests\e2e\site.spec.ts:271:5 › without JavaScript all copy and footer routes remain available (1.5s)
  ok 132 [chromium-mobile] › tests\e2e\site.spec.ts:290:5 › animation API failure leaves readable content and working navigation (2.4s)
(node:36808) Warning: The 'NO_COLOR' env is ignored due to the 'FORCE_COLOR' env being set.
(Use `node --trace-warnings ...` to show where the warning was created)
(node:36808) Warning: The 'NO_COLOR' env is ignored due to the 'FORCE_COLOR' env being set.
(Use `node --trace-warnings ...` to show where the warning was created)
  ok 130 [chromium-mobile] › tests\e2e\thumbnails.spec.ts:124:5 › detail image hover honors device reduced motion and resumes on preference change while the hero stays static (11.1s)
(node:28048) Warning: The 'NO_COLOR' env is ignored due to the 'FORCE_COLOR' env being set.
(Use `node --trace-warnings ...` to show where the warning was created)
(node:28048) Warning: The 'NO_COLOR' env is ignored due to the 'FORCE_COLOR' env being set.
(Use `node --trace-warnings ...` to show where the warning was created)
  ok 134 [webkit-mobile] › tests\e2e\corporate-assets.spec.ts:4:5 › adopted concepts and illustrations load in both languages without implying real screens or a playable video (18.7s)
  ok 135 [webkit-mobile] › tests\e2e\corporate-assets.spec.ts:96:5 › social cards use the correct language, full image URLs and a news-specific cover (5.2s)
  ok 136 [webkit-mobile] › tests\e2e\gradient-surfaces.spec.ts:3:5 › section colors keep their authored palette and background washes remain soft (3.4s)
  ok 133 [webkit-mobile] › tests\e2e\afterglow.spec.ts:3:5 › all authored text has a decorative color layer with readable sources in both languages (28.9s)
  ok 137 [webkit-mobile] › tests\e2e\gradient-surfaces.spec.ts:44:5 › all Hero copy has readable normal ink with motion suppressed and a single image shade (3.9s)
  ok 139 [webkit-mobile] › tests\e2e\gradient-surfaces.spec.ts:80:5 › body color cancels safely on reduced motion and animation API failure (2.1s)
  ok 138 [webkit-mobile] › tests\e2e\afterglow.spec.ts:133:5 › body background and color appear together, then return to readable stationary ink (5.2s)
  ok 140 [webkit-mobile] › tests\e2e\gradient-surfaces.spec.ts:102:5 › reading bands clear on resize and partial animation failure without masking text (2.2s)
  x  142 [webkit-mobile] › tests\e2e\hero-v4.spec.ts:4:7 › / lands without movement, finishes its text color and saves business effects for scrolling (10.9s)
(node:19280) Warning: The 'NO_COLOR' env is ignored due to the 'FORCE_COLOR' env being set.
(Use `node --trace-warnings ...` to show where the warning was created)
  ok 141 [webkit-mobile] › tests\e2e\afterglow.spec.ts:199:5 › all menu text receives finite color effects that restart without masking navigation (13.9s)
(node:19280) Warning: The 'NO_COLOR' env is ignored due to the 'FORCE_COLOR' env being set.
(Use `node --trace-warnings ...` to show where the warning was created)
  ok 143 [webkit-mobile] › tests\e2e\afterglow.spec.ts:296:5 › heading color outlasts its decorative band and then fades (5.1s)
  ok 144 [webkit-mobile] › tests\e2e\hero-v4.spec.ts:4:7 › /en lands without movement, finishes its text color and saves business effects for scrolling (17.1s)
  ok 146 [webkit-mobile] › tests\e2e\hero-v4.spec.ts:132:5 › viewport-sized hero and static business band fit short, tall and narrow screens (3.9s)
  ok 147 [webkit-mobile] › tests\e2e\i18n.spec.ts:6:5 › English pages have localized headings, metadata, controls and server HTML (4.1s)
  ok 145 [webkit-mobile] › tests\e2e\afterglow.spec.ts:365:5 › heading and band palettes stay fixed across random seeds while the hero stays still (36.1s)
  ok 148 [webkit-mobile] › tests\e2e\i18n.spec.ts:56:5 › language switching preserves each page and business anchors, including menu navigation and Back (17.6s)
  ok 150 [webkit-mobile] › tests\e2e\i18n.spec.ts:99:5 › unpublished English articles and missing routes return localized 404 with honest translation choices (2.5s)
  ok 151 [webkit-mobile] › tests\e2e\i18n.spec.ts:130:5 › English contact remains disabled, reports no send, and protects unsent drafts before language navigation (1.6s)
  ok 149 [webkit-mobile] › tests\e2e\metrics.spec.ts:3:5 › the counter progresses once without shifting its width or announcing intermediate numbers (6.6s)
  ok 153 [webkit-mobile] › tests\e2e\metrics.spec.ts:46:5 › enabling device reduced motion during an active counter shows its final value and stops the number and color animation (2.4s)
  ok 152 [webkit-mobile] › tests\e2e\i18n.spec.ts:176:5 › 320px layouts keep both languages and menu controls within the screen (8.6s)
  ok 154 [webkit-mobile] › tests\e2e\metrics.spec.ts:60:5 › both languages label the example figures and preserve readable values without motion or JavaScript (6.7s)
  ok 155 [webkit-mobile] › tests\e2e\i18n.spec.ts:217:5 › Device reduced motion survives language navigation without site controls and images are optional to understanding the company (4.4s)
  ok 156 [webkit-mobile] › tests\e2e\motion.spec.ts:3:5 › body text is readable without masks before entering the viewport and after scrolling (5.6s)
  ok 158 [webkit-mobile] › tests\e2e\motion.spec.ts:92:5 › menu curtains animate behind immediately readable navigation text on each opening (11.9s)
  ok 157 [webkit-mobile] › tests\e2e\i18n.spec.ts:265:5 › English pages and menu pass WCAG 2.2 AA and work without JavaScript (16.2s)
  ok 159 [webkit-mobile] › tests\e2e\motion.spec.ts:151:5 › pausing during the entrance clears decorative bands and images without hiding copy (3.7s)
  ok 161 [webkit-mobile] › tests\e2e\motion.spec.ts:190:5 › resize and a partially failing animation API cannot strand a colored cover (2.8s)
  ok 160 [webkit-mobile] › tests\e2e\opening-lifecycle.spec.ts:3:5 › late font readiness cannot restart a dismissed opening after a device preference change (7.2s)
  ok 162 [webkit-mobile] › tests\e2e\readability.spec.ts:7:7 › readable page structure fits 320px in both languages (4.7s)
  ok 164 [webkit-mobile] › tests\e2e\readability.spec.ts:7:7 › readable page structure fits 390px in both languages (5.3s)
  ok 163 [webkit-mobile] › tests\e2e\revision-v3.spec.ts:4:5 › completed handwriting holds for a second then lands on the hero line boxes (12.2s)
  ok 165 [webkit-mobile] › tests\e2e\readability.spec.ts:7:7 › readable page structure fits 768px in both languages (6.9s)
  ok 166 [webkit-mobile] › tests\e2e\revision-v3.spec.ts:78:7 › company thumbnails in both languages wait offscreen and fade with travel (4.6s)
  ok 168 [webkit-mobile] › tests\e2e\revision-v3.spec.ts:78:7 › business thumbnails in both languages wait offscreen and fade with travel (4.8s)
  ok 169 [webkit-mobile] › tests\e2e\revision-v3.spec.ts:78:7 › about thumbnails in both languages wait offscreen and fade with travel (4.4s)
  ok 167 [webkit-mobile] › tests\e2e\readability.spec.ts:7:7 › readable page structure fits 1440px in both languages (12.2s)
  ok 170 [webkit-mobile] › tests\e2e\revision-v3.spec.ts:142:5 › an About image inside the initial viewport enters and settles without scrolling (3.6s)
  ok 172 [webkit-mobile] › tests\e2e\revision-v3.spec.ts:174:5 › production copy has a prominent localized collaboration CTA and no draft notices (2.4s)
  ok 173 [webkit-mobile] › tests\e2e\revision-v3.spec.ts:197:5 › cursor trails remain removed on mouse, touch and reduced motion (2.8s)
  ok 174 [webkit-mobile] › tests\e2e\site.spec.ts:13:5 › all real pages render, stay out of search and have no horizontal overflow (3.2s)
  ok 175 [webkit-mobile] › tests\e2e\site.spec.ts:38:5 › menu traps Tab and Shift+Tab, closes with Escape and restores scroll and focus (9.6s)
  ok 171 [webkit-mobile] › tests\e2e\readability.spec.ts:29:5 › 200 percent text enlargement keeps all pages readable and the menu usable (21.6s)
  ok 177 [webkit-mobile] › tests\e2e\readability.spec.ts:60:5 › home summaries lead to additional detail and contact availability is clear before navigation (3.4s)
  ok 176 [webkit-mobile] › tests\e2e\site.spec.ts:81:5 › menu navigation focuses destination and Back leaves no lock (10.2s)
  ok 178 [webkit-mobile] › tests\e2e\storyboard.spec.ts:3:5 › opening writes the exact phrase with no ink dots before each pen stroke (8.1s)
  ok 180 [webkit-mobile] › tests\e2e\storyboard.spec.ts:62:7 › opening has no skip UI and releases focus on Tab (2.0s)
  ok 181 [webkit-mobile] › tests\e2e\storyboard.spec.ts:62:7 › opening has no skip UI and releases focus on Escape (1.9s)
  ok 182 [webkit-mobile] › tests\e2e\storyboard.spec.ts:62:7 › opening has no skip UI and releases focus on scroll (2.1s)
  ok 179 [webkit-mobile] › tests\e2e\site.spec.ts:100:5 › rapid close, reopen, resizing and short-height navigation remain usable (16.9s)
  ok 183 [webkit-mobile] › tests\e2e\storyboard.spec.ts:86:5 › opening replays on reload and full home navigation in both languages (10.2s)
  ok 184 [webkit-mobile] › tests\e2e\site.spec.ts:121:5 › contact cannot collect or falsely report sending; unpublished articles return 404 (2.1s)
  ok 185 [webkit-mobile] › tests\e2e\storyboard.spec.ts:112:5 › device preferences and direct anchors work; the removed saved toggle has no effect (2.4s)
  ok 186 [webkit-mobile] › tests\e2e\site.spec.ts:154:5 › device reduced-motion persists on reload and keeps content visible without site controls (2.9s)
  ok 187 [webkit-mobile] › tests\e2e\storyboard.spec.ts:139:5 › changing reduced motion during the opening releases the native modal (2.2s)
  ok 188 [webkit-mobile] › tests\e2e\site.spec.ts:186:5 › cut-in ends in place across scrolling, touch has no pointer effect (6.1s)
  ok 189 [webkit-mobile] › tests\e2e\storyboard.spec.ts:155:5 › thumbnails wait transparent offscreen, fade and travel on entry, then stay settled (11.0s)
  ok 191 [webkit-mobile] › tests\e2e\storyboard.spec.ts:218:5 › an active image fade settles on OS change and a focused waiting card is immediately readable (10.1s)
  ok 192 [webkit-mobile] › tests\e2e\storyboard.spec.ts:246:5 › no JavaScript, forced colors and failed image animation all expose readable thumbnails (6.0s)
  ok 190 [webkit-mobile] › tests\e2e\site.spec.ts:223:5 › 360, 768, and effective 200% desktop zoom have no clipped controls (39.9s)
  ok 194 [webkit-mobile] › tests\e2e\site.spec.ts:246:5 › key pages and the full-screen menu pass axe WCAG 2.2 AA (16.6s)
  ok 195 [webkit-mobile] › tests\e2e\site.spec.ts:271:5 › without JavaScript all copy and footer routes remain available (2.1s)
  ok 193 [webkit-mobile] › tests\e2e\thumbnails.spec.ts:22:5 › four selected assets load in all eight business placements in both languages and stay static on scroll (36.4s)
  ok 196 [webkit-mobile] › tests\e2e\site.spec.ts:290:5 › animation API failure leaves readable content and working navigation (4.2s)
  ok 197 [webkit-mobile] › tests\e2e\thumbnails.spec.ts:70:5 › only the thumbnail cursor hover cycles eight palettes; focus and touch remain static (14.6s)
  ok 198 [webkit-mobile] › tests\e2e\thumbnails.spec.ts:124:5 › detail image hover honors device reduced motion and resumes on preference change while the hero stays static (15.1s)


  1) [chromium-desktop] › tests\e2e\storyboard.spec.ts:62:7 › opening has no skip UI and releases focus on Tab 

    Error: expect(locator).toBeFocused() failed

    Locator:  locator('#main')
    Expected: focused
    Received: inactive
    Timeout:  10000ms

    Call log:
      - Expect "toBeFocused" locator('#main') with timeout 10000ms
      - waiting for locator('#main')
        23 × locator resolved to <main id="main" tabindex="-1">…</main>
           - unexpected value "inactive"


      72 |     await expect(page.locator("html")).toHaveAttribute("data-intro", "done");
      73 |     await expect(page.locator(".site-opening")).not.toBeVisible();
    > 74 |     await expect(page.locator("#main")).toBeFocused();
         |                                         ^
      75 |     expect(
      76 |       await page.evaluate(() => document.querySelector(":modal")),
      77 |     ).toBeNull();
        at C:\Users\taisa\Desktop\corporate-readability-20260922\tests\e2e\storyboard.spec.ts:74:41

    attachment #1: screenshot (image/png) ──────────────────────────────────────────────────────────
    test-results\storyboard-opening-has-no-skip-UI-and-releases-focus-on-Tab-chromium-desktop\test-failed-1.png
    ────────────────────────────────────────────────────────────────────────────────────────────────

    attachment #2: video (video/webm) ──────────────────────────────────────────────────────────────
    test-results\storyboard-opening-has-no-skip-UI-and-releases-focus-on-Tab-chromium-desktop\video.webm
    ────────────────────────────────────────────────────────────────────────────────────────────────

    Error Context: test-results\storyboard-opening-has-no-skip-UI-and-releases-focus-on-Tab-chromium-desktop\error-context.md

    attachment #4: trace (application/zip) ─────────────────────────────────────────────────────────
    test-results\storyboard-opening-has-no-skip-UI-and-releases-focus-on-Tab-chromium-desktop\trace.zip
    Usage:

        npx playwright show-trace test-results\storyboard-opening-has-no-skip-UI-and-releases-focus-on-Tab-chromium-desktop\trace.zip

    ────────────────────────────────────────────────────────────────────────────────────────────────

  2) [webkit-mobile] › tests\e2e\hero-v4.spec.ts:4:7 › / lands without movement, finishes its text color and saves business effects for scrolling 

    Error: expect(received).toBeGreaterThan(expected)

    Expected: > 20
    Received:   19

      80 |     expect(evidence.fonts).toBe("loaded");
      81 |     expect(evidence.scroll).toBe(0);
    > 82 |     expect(evidence.frames.length).toBeGreaterThan(20);
         |                                    ^
      83 |     expect(new Set(evidence.frames.map((frame) => frame.font)).size).toBe(1);
      84 |     expect(new Set(evidence.frames.map((frame) => frame.rect)).size).toBe(1);
      85 |     expect(new Set(evidence.frames.map((frame) => frame.color)).size).toBe(1);
        at C:\Users\taisa\Desktop\corporate-readability-20260922\tests\e2e\hero-v4.spec.ts:82:36

    attachment #2: screenshot (image/png) ──────────────────────────────────────────────────────────
    test-results\hero-v4--lands-without-mov-66a82-iness-effects-for-scrolling-webkit-mobile\test-failed-1.png
    ────────────────────────────────────────────────────────────────────────────────────────────────

    attachment #3: video (video/webm) ──────────────────────────────────────────────────────────────
    test-results\hero-v4--lands-without-mov-66a82-iness-effects-for-scrolling-webkit-mobile\video.webm
    ────────────────────────────────────────────────────────────────────────────────────────────────

    Error Context: test-results\hero-v4--lands-without-mov-66a82-iness-effects-for-scrolling-webkit-mobile\error-context.md

    attachment #5: trace (application/zip) ─────────────────────────────────────────────────────────
    test-results\hero-v4--lands-without-mov-66a82-iness-effects-for-scrolling-webkit-mobile\trace.zip
    Usage:

        npx playwright show-trace test-results\hero-v4--lands-without-mov-66a82-iness-effects-for-scrolling-webkit-mobile\trace.zip

    ────────────────────────────────────────────────────────────────────────────────────────────────

  2 failed
    [chromium-desktop] › tests\e2e\storyboard.spec.ts:62:7 › opening has no skip UI and releases focus on Tab 
    [webkit-mobile] › tests\e2e\hero-v4.spec.ts:4:7 › / lands without movement, finishes its text color and saves business effects for scrolling 
  196 passed (13.1m)
