
Running 69 tests using 2 workers

(node:28312) Warning: The 'NO_COLOR' env is ignored due to the 'FORCE_COLOR' env being set.
(Use `node --trace-warnings ...` to show where the warning was created)
(node:31852) Warning: The 'NO_COLOR' env is ignored due to the 'FORCE_COLOR' env being set.
(Use `node --trace-warnings ...` to show where the warning was created)
(node:28312) Warning: The 'NO_COLOR' env is ignored due to the 'FORCE_COLOR' env being set.
(Use `node --trace-warnings ...` to show where the warning was created)
(node:31852) Warning: The 'NO_COLOR' env is ignored due to the 'FORCE_COLOR' env being set.
(Use `node --trace-warnings ...` to show where the warning was created)
  ok  1 [chromium-desktop] › tests\e2e\gradient-surfaces.spec.ts:3:5 › section colors keep their authored palette and background washes remain soft (1.2s)
  ok  3 [chromium-desktop] › tests\e2e\gradient-surfaces.spec.ts:44:5 › all Hero copy has readable normal ink with motion suppressed and a single image shade (1.5s)
  ok  4 [chromium-desktop] › tests\e2e\gradient-surfaces.spec.ts:80:5 › body color cancels safely on reduced motion and animation API failure (1.1s)
  ok  5 [chromium-desktop] › tests\e2e\gradient-surfaces.spec.ts:102:5 › reading bands clear on resize and partial animation failure without masking text (1.0s)
  ok  6 [chromium-desktop] › tests\e2e\metrics.spec.ts:3:5 › the counter progresses once without shifting its width or announcing intermediate numbers (5.4s)
  ok  7 [chromium-desktop] › tests\e2e\metrics.spec.ts:46:5 › enabling device reduced motion during an active counter shows its final value and stops the number and color animation (1.6s)
  ok  8 [chromium-desktop] › tests\e2e\metrics.spec.ts:60:5 › both languages label the example figures and preserve readable values without motion or JavaScript (2.7s)
  ok  9 [chromium-desktop] › tests\e2e\motion.spec.ts:3:5 › body text is readable without masks before entering the viewport and after scrolling (3.6s)
  ok  2 [chromium-desktop] › tests\e2e\afterglow.spec.ts:3:5 › all authored text has a decorative color layer with readable sources in both languages (19.1s)
  ok 11 [chromium-desktop] › tests\e2e\afterglow.spec.ts:133:5 › body background and color appear together, then return to readable stationary ink (4.2s)
  ok 10 [chromium-desktop] › tests\e2e\motion.spec.ts:92:5 › menu curtains animate behind immediately readable navigation text on each opening (9.8s)
  ok 13 [chromium-desktop] › tests\e2e\motion.spec.ts:151:5 › pausing during the entrance clears decorative bands and images without hiding copy (1.5s)
  ok 14 [chromium-desktop] › tests\e2e\motion.spec.ts:190:5 › resize and a partially failing animation API cannot strand a colored cover (1.4s)
  ok 12 [chromium-desktop] › tests\e2e\afterglow.spec.ts:203:5 › all menu text receives finite color effects that restart without masking navigation (11.7s)
  ok 15 [chromium-desktop] › tests\e2e\opening-lifecycle.spec.ts:3:5 › late font readiness cannot restart a dismissed opening after a device preference change (6.3s)
  ok 16 [chromium-desktop] › tests\e2e\afterglow.spec.ts:300:5 › heading color outlasts its decorative band and then fades (3.8s)
  ok 17 [chromium-desktop] › tests\e2e\readability.spec.ts:7:7 › readable page structure fits 320px in both languages (2.4s)
  ok 19 [chromium-desktop] › tests\e2e\readability.spec.ts:7:7 › readable page structure fits 390px in both languages (2.4s)
  ok 20 [chromium-desktop] › tests\e2e\readability.spec.ts:7:7 › readable page structure fits 768px in both languages (2.4s)
  ok 21 [chromium-desktop] › tests\e2e\readability.spec.ts:7:7 › readable page structure fits 1440px in both languages (2.6s)
  ok 22 [chromium-desktop] › tests\e2e\readability.spec.ts:29:5 › 200 percent text enlargement keeps all pages readable and the menu usable (4.8s)
  ok 23 [chromium-desktop] › tests\e2e\readability.spec.ts:60:5 › home summaries lead to additional detail and contact availability is clear before navigation (2.2s)
(node:46424) Warning: The 'NO_COLOR' env is ignored due to the 'FORCE_COLOR' env being set.
(Use `node --trace-warnings ...` to show where the warning was created)
(node:46424) Warning: The 'NO_COLOR' env is ignored due to the 'FORCE_COLOR' env being set.
(Use `node --trace-warnings ...` to show where the warning was created)
  ok 18 [chromium-desktop] › tests\e2e\afterglow.spec.ts:369:5 › heading and band palettes stay fixed across random seeds while the hero stays still (30.7s)
(node:29940) Warning: The 'NO_COLOR' env is ignored due to the 'FORCE_COLOR' env being set.
(Use `node --trace-warnings ...` to show where the warning was created)
(node:29940) Warning: The 'NO_COLOR' env is ignored due to the 'FORCE_COLOR' env being set.
(Use `node --trace-warnings ...` to show where the warning was created)
  ok 25 [chromium-mobile] › tests\e2e\gradient-surfaces.spec.ts:3:5 › section colors keep their authored palette and background washes remain soft (957ms)
  ok 26 [chromium-mobile] › tests\e2e\gradient-surfaces.spec.ts:44:5 › all Hero copy has readable normal ink with motion suppressed and a single image shade (1.4s)
  ok 24 [chromium-mobile] › tests\e2e\afterglow.spec.ts:3:5 › all authored text has a decorative color layer with readable sources in both languages (17.4s)
  ok 27 [chromium-mobile] › tests\e2e\gradient-surfaces.spec.ts:80:5 › body color cancels safely on reduced motion and animation API failure (948ms)
  ok 29 [chromium-mobile] › tests\e2e\gradient-surfaces.spec.ts:102:5 › reading bands clear on resize and partial animation failure without masking text (867ms)
  ok 28 [chromium-mobile] › tests\e2e\afterglow.spec.ts:133:5 › body background and color appear together, then return to readable stationary ink (4.1s)
  ok 30 [chromium-mobile] › tests\e2e\metrics.spec.ts:3:5 › the counter progresses once without shifting its width or announcing intermediate numbers (5.3s)
  ok 32 [chromium-mobile] › tests\e2e\metrics.spec.ts:46:5 › enabling device reduced motion during an active counter shows its final value and stops the number and color animation (1.7s)
  ok 33 [chromium-mobile] › tests\e2e\metrics.spec.ts:60:5 › both languages label the example figures and preserve readable values without motion or JavaScript (3.5s)
  ok 34 [chromium-mobile] › tests\e2e\motion.spec.ts:3:5 › body text is readable without masks before entering the viewport and after scrolling (3.8s)
  ok 31 [chromium-mobile] › tests\e2e\afterglow.spec.ts:203:5 › all menu text receives finite color effects that restart without masking navigation (11.7s)
  ok 36 [chromium-mobile] › tests\e2e\afterglow.spec.ts:300:5 › heading color outlasts its decorative band and then fades (4.0s)
  ok 35 [chromium-mobile] › tests\e2e\motion.spec.ts:92:5 › menu curtains animate behind immediately readable navigation text on each opening (9.4s)
  ok 38 [chromium-mobile] › tests\e2e\motion.spec.ts:151:5 › pausing during the entrance clears decorative bands and images without hiding copy (1.3s)
  ok 39 [chromium-mobile] › tests\e2e\motion.spec.ts:190:5 › resize and a partially failing animation API cannot strand a colored cover (1.3s)
  ok 40 [chromium-mobile] › tests\e2e\opening-lifecycle.spec.ts:3:5 › late font readiness cannot restart a dismissed opening after a device preference change (6.2s)
  ok 41 [chromium-mobile] › tests\e2e\readability.spec.ts:7:7 › readable page structure fits 320px in both languages (2.9s)
  ok 42 [chromium-mobile] › tests\e2e\readability.spec.ts:7:7 › readable page structure fits 390px in both languages (2.8s)
  ok 43 [chromium-mobile] › tests\e2e\readability.spec.ts:7:7 › readable page structure fits 768px in both languages (2.9s)
  ok 44 [chromium-mobile] › tests\e2e\readability.spec.ts:7:7 › readable page structure fits 1440px in both languages (2.9s)
  ok 45 [chromium-mobile] › tests\e2e\readability.spec.ts:29:5 › 200 percent text enlargement keeps all pages readable and the menu usable (5.8s)
  ok 37 [chromium-mobile] › tests\e2e\afterglow.spec.ts:369:5 › heading and band palettes stay fixed across random seeds while the hero stays still (32.2s)
(node:32404) Warning: The 'NO_COLOR' env is ignored due to the 'FORCE_COLOR' env being set.
(Use `node --trace-warnings ...` to show where the warning was created)
  ok 46 [chromium-mobile] › tests\e2e\readability.spec.ts:60:5 › home summaries lead to additional detail and contact availability is clear before navigation (1.8s)
(node:32404) Warning: The 'NO_COLOR' env is ignored due to the 'FORCE_COLOR' env being set.
(Use `node --trace-warnings ...` to show where the warning was created)
(node:40336) Warning: The 'NO_COLOR' env is ignored due to the 'FORCE_COLOR' env being set.
(Use `node --trace-warnings ...` to show where the warning was created)
(node:40336) Warning: The 'NO_COLOR' env is ignored due to the 'FORCE_COLOR' env being set.
(Use `node --trace-warnings ...` to show where the warning was created)
  ok 48 [webkit-mobile] › tests\e2e\gradient-surfaces.spec.ts:3:5 › section colors keep their authored palette and background washes remain soft (1.7s)
  ok 49 [webkit-mobile] › tests\e2e\gradient-surfaces.spec.ts:44:5 › all Hero copy has readable normal ink with motion suppressed and a single image shade (2.0s)
  ok 50 [webkit-mobile] › tests\e2e\gradient-surfaces.spec.ts:80:5 › body color cancels safely on reduced motion and animation API failure (1.3s)
  ok 51 [webkit-mobile] › tests\e2e\gradient-surfaces.spec.ts:102:5 › reading bands clear on resize and partial animation failure without masking text (1.4s)
  ok 52 [webkit-mobile] › tests\e2e\metrics.spec.ts:3:5 › the counter progresses once without shifting its width or announcing intermediate numbers (5.8s)
  ok 53 [webkit-mobile] › tests\e2e\metrics.spec.ts:46:5 › enabling device reduced motion during an active counter shows its final value and stops the number and color animation (1.7s)
  ok 47 [webkit-mobile] › tests\e2e\afterglow.spec.ts:3:5 › all authored text has a decorative color layer with readable sources in both languages (19.8s)
  ok 54 [webkit-mobile] › tests\e2e\metrics.spec.ts:60:5 › both languages label the example figures and preserve readable values without motion or JavaScript (5.4s)
  ok 55 [webkit-mobile] › tests\e2e\afterglow.spec.ts:133:5 › body background and color appear together, then return to readable stationary ink (4.4s)
  ok 56 [webkit-mobile] › tests\e2e\motion.spec.ts:3:5 › body text is readable without masks before entering the viewport and after scrolling (4.7s)
  ok 58 [webkit-mobile] › tests\e2e\motion.spec.ts:92:5 › menu curtains animate behind immediately readable navigation text on each opening (10.8s)
  ok 57 [webkit-mobile] › tests\e2e\afterglow.spec.ts:203:5 › all menu text receives finite color effects that restart without masking navigation (12.0s)
  ok 59 [webkit-mobile] › tests\e2e\motion.spec.ts:151:5 › pausing during the entrance clears decorative bands and images without hiding copy (3.3s)
  ok 60 [webkit-mobile] › tests\e2e\afterglow.spec.ts:300:5 › heading color outlasts its decorative band and then fades (4.9s)
  ok 61 [webkit-mobile] › tests\e2e\motion.spec.ts:190:5 › resize and a partially failing animation API cannot strand a colored cover (2.5s)
  ok 63 [webkit-mobile] › tests\e2e\opening-lifecycle.spec.ts:3:5 › late font readiness cannot restart a dismissed opening after a device preference change (6.9s)
  ok 64 [webkit-mobile] › tests\e2e\readability.spec.ts:7:7 › readable page structure fits 320px in both languages (5.0s)
  ok 65 [webkit-mobile] › tests\e2e\readability.spec.ts:7:7 › readable page structure fits 390px in both languages (5.3s)
  ok 66 [webkit-mobile] › tests\e2e\readability.spec.ts:7:7 › readable page structure fits 768px in both languages (6.8s)
  ok 62 [webkit-mobile] › tests\e2e\afterglow.spec.ts:369:5 › heading and band palettes stay fixed across random seeds while the hero stays still (33.4s)
  ok 67 [webkit-mobile] › tests\e2e\readability.spec.ts:7:7 › readable page structure fits 1440px in both languages (11.0s)
  ok 68 [webkit-mobile] › tests\e2e\readability.spec.ts:29:5 › 200 percent text enlargement keeps all pages readable and the menu usable (16.5s)
  ok 69 [webkit-mobile] › tests\e2e\readability.spec.ts:60:5 › home summaries lead to additional detail and contact availability is clear before navigation (2.7s)

  69 passed (3.7m)
