
Running 2 tests using 1 worker

(node:38320) Warning: The 'NO_COLOR' env is ignored due to the 'FORCE_COLOR' env being set.
(Use `node --trace-warnings ...` to show where the warning was created)
(node:38320) Warning: The 'NO_COLOR' env is ignored due to the 'FORCE_COLOR' env being set.
(Use `node --trace-warnings ...` to show where the warning was created)
  x  1 [webkit-mobile] › tests\e2e\hero-v4.spec.ts:4:7 › / lands without movement, finishes its text color and saves business effects for scrolling (11.7s)
(node:38936) Warning: The 'NO_COLOR' env is ignored due to the 'FORCE_COLOR' env being set.
(Use `node --trace-warnings ...` to show where the warning was created)
(node:38936) Warning: The 'NO_COLOR' env is ignored due to the 'FORCE_COLOR' env being set.
(Use `node --trace-warnings ...` to show where the warning was created)
  x  2 [webkit-mobile] › tests\e2e\hero-v4.spec.ts:4:7 › /en lands without movement, finishes its text color and saves business effects for scrolling (11.5s)


  1) [webkit-mobile] › tests\e2e\hero-v4.spec.ts:4:7 › / lands without movement, finishes its text color and saves business effects for scrolling 

    Error: expect(received).toBeGreaterThan(expected)

    Expected: > 20
    Received:   16

      80 |     expect(evidence.fonts).toBe("loaded");
      81 |     expect(evidence.scroll).toBe(0);
    > 82 |     expect(evidence.frames.length).toBeGreaterThan(20);
         |                                    ^
      83 |     expect(new Set(evidence.frames.map((frame) => frame.font)).size).toBe(1);
      84 |     expect(new Set(evidence.frames.map((frame) => frame.rect)).size).toBe(1);
      85 |     expect(new Set(evidence.frames.map((frame) => frame.color)).size).toBe(1);
        at C:\Users\taisa\Desktop\corporate-readability-20260922\tests\e2e\hero-v4.spec.ts:82:36

    attachment #2: screenshot (image/png) ──────────────────────────────────────────────────────────
    test-results\hero-v4--lands-without-mov-66a82-iness-effects-for-scrolling-webkit-mobile\test-failed-1.png
    ────────────────────────────────────────────────────────────────────────────────────────────────

    attachment #3: video (video/webm) ──────────────────────────────────────────────────────────────
    test-results\hero-v4--lands-without-mov-66a82-iness-effects-for-scrolling-webkit-mobile\video.webm
    ────────────────────────────────────────────────────────────────────────────────────────────────

    Error Context: test-results\hero-v4--lands-without-mov-66a82-iness-effects-for-scrolling-webkit-mobile\error-context.md

    attachment #5: trace (application/zip) ─────────────────────────────────────────────────────────
    test-results\hero-v4--lands-without-mov-66a82-iness-effects-for-scrolling-webkit-mobile\trace.zip
    Usage:

        npx playwright show-trace test-results\hero-v4--lands-without-mov-66a82-iness-effects-for-scrolling-webkit-mobile\trace.zip

    ────────────────────────────────────────────────────────────────────────────────────────────────

  2) [webkit-mobile] › tests\e2e\hero-v4.spec.ts:4:7 › /en lands without movement, finishes its text color and saves business effects for scrolling 

    Error: expect(received).toBeGreaterThan(expected)

    Expected: > 20
    Received:   15

      80 |     expect(evidence.fonts).toBe("loaded");
      81 |     expect(evidence.scroll).toBe(0);
    > 82 |     expect(evidence.frames.length).toBeGreaterThan(20);
         |                                    ^
      83 |     expect(new Set(evidence.frames.map((frame) => frame.font)).size).toBe(1);
      84 |     expect(new Set(evidence.frames.map((frame) => frame.rect)).size).toBe(1);
      85 |     expect(new Set(evidence.frames.map((frame) => frame.color)).size).toBe(1);
        at C:\Users\taisa\Desktop\corporate-readability-20260922\tests\e2e\hero-v4.spec.ts:82:36

    attachment #2: screenshot (image/png) ──────────────────────────────────────────────────────────
    test-results\hero-v4--en-lands-without--1baca-iness-effects-for-scrolling-webkit-mobile\test-failed-1.png
    ────────────────────────────────────────────────────────────────────────────────────────────────

    attachment #3: video (video/webm) ──────────────────────────────────────────────────────────────
    test-results\hero-v4--en-lands-without--1baca-iness-effects-for-scrolling-webkit-mobile\video.webm
    ────────────────────────────────────────────────────────────────────────────────────────────────

    Error Context: test-results\hero-v4--en-lands-without--1baca-iness-effects-for-scrolling-webkit-mobile\error-context.md

    attachment #5: trace (application/zip) ─────────────────────────────────────────────────────────
    test-results\hero-v4--en-lands-without--1baca-iness-effects-for-scrolling-webkit-mobile\trace.zip
    Usage:

        npx playwright show-trace test-results\hero-v4--en-lands-without--1baca-iness-effects-for-scrolling-webkit-mobile\trace.zip

    ────────────────────────────────────────────────────────────────────────────────────────────────

  2 failed
    [webkit-mobile] › tests\e2e\hero-v4.spec.ts:4:7 › / lands without movement, finishes its text color and saves business effects for scrolling 
    [webkit-mobile] › tests\e2e\hero-v4.spec.ts:4:7 › /en lands without movement, finishes its text color and saves business effects for scrolling 
