
Running 48 tests using 2 workers

(node:22280) Warning: The 'NO_COLOR' env is ignored due to the 'FORCE_COLOR' env being set.
(Use `node --trace-warnings ...` to show where the warning was created)
(node:22656) Warning: The 'NO_COLOR' env is ignored due to the 'FORCE_COLOR' env being set.
(Use `node --trace-warnings ...` to show where the warning was created)
(node:22280) Warning: The 'NO_COLOR' env is ignored due to the 'FORCE_COLOR' env being set.
(Use `node --trace-warnings ...` to show where the warning was created)
(node:22656) Warning: The 'NO_COLOR' env is ignored due to the 'FORCE_COLOR' env being set.
(Use `node --trace-warnings ...` to show where the warning was created)
  ok  1 [chromium-desktop] › tests\e2e\readability.spec.ts:7:7 › readable page structure fits 320px in both languages (2.2s)
  ok  3 [chromium-desktop] › tests\e2e\readability.spec.ts:7:7 › readable page structure fits 390px in both languages (2.1s)
  ok  4 [chromium-desktop] › tests\e2e\readability.spec.ts:7:7 › readable page structure fits 768px in both languages (1.8s)
  ok  5 [chromium-desktop] › tests\e2e\readability.spec.ts:7:7 › readable page structure fits 1440px in both languages (2.2s)
  ok  6 [chromium-desktop] › tests\e2e\readability.spec.ts:29:5 › 200 percent text enlargement keeps all pages readable and the menu usable (3.5s)
  ok  7 [chromium-desktop] › tests\e2e\readability.spec.ts:60:5 › home summaries lead to additional detail and contact availability is clear before navigation (1.2s)
  ok  8 [chromium-desktop] › tests\e2e\revision-v3.spec.ts:4:5 › completed handwriting holds for a second then lands on the hero line boxes (7.4s)
  ok  2 [chromium-desktop] › tests\e2e\afterglow.spec.ts:3:5 › body, labels and navigation use readable static text across both languages (23.8s)
  ok  9 [chromium-desktop] › tests\e2e\revision-v3.spec.ts:75:7 › company thumbnails in both languages wait offscreen and fade with travel (4.0s)
  ok 10 [chromium-desktop] › tests\e2e\afterglow.spec.ts:123:5 › heading color outlasts its decorative band and fades while menu labels stay static (4.0s)
  ok 11 [chromium-desktop] › tests\e2e\revision-v3.spec.ts:75:7 › business thumbnails in both languages wait offscreen and fade with travel (3.9s)
  ok 13 [chromium-desktop] › tests\e2e\revision-v3.spec.ts:75:7 › about thumbnails in both languages wait offscreen and fade with travel (4.0s)
  ok 14 [chromium-desktop] › tests\e2e\revision-v3.spec.ts:139:5 › an About image inside the initial viewport enters and settles without scrolling (1.9s)
  ok 15 [chromium-desktop] › tests\e2e\revision-v3.spec.ts:171:5 › production copy has a prominent localized collaboration CTA and no draft notices (1.2s)
  ok 16 [chromium-desktop] › tests\e2e\revision-v3.spec.ts:194:5 › cursor trails remain removed on mouse, touch and reduced motion (1.4s)
(node:13116) Warning: The 'NO_COLOR' env is ignored due to the 'FORCE_COLOR' env being set.
(Use `node --trace-warnings ...` to show where the warning was created)
(node:13116) Warning: The 'NO_COLOR' env is ignored due to the 'FORCE_COLOR' env being set.
(Use `node --trace-warnings ...` to show where the warning was created)
  ok 12 [chromium-desktop] › tests\e2e\afterglow.spec.ts:201:5 › heading and band palettes stay fixed across random seeds while the hero stays still (22.5s)
(node:6504) Warning: The 'NO_COLOR' env is ignored due to the 'FORCE_COLOR' env being set.
(Use `node --trace-warnings ...` to show where the warning was created)
(node:6504) Warning: The 'NO_COLOR' env is ignored due to the 'FORCE_COLOR' env being set.
(Use `node --trace-warnings ...` to show where the warning was created)
  ok 18 [chromium-mobile] › tests\e2e\readability.spec.ts:7:7 › readable page structure fits 320px in both languages (2.0s)
  ok 19 [chromium-mobile] › tests\e2e\readability.spec.ts:7:7 › readable page structure fits 390px in both languages (2.6s)
  ok 20 [chromium-mobile] › tests\e2e\readability.spec.ts:7:7 › readable page structure fits 768px in both languages (2.8s)
  ok 21 [chromium-mobile] › tests\e2e\readability.spec.ts:7:7 › readable page structure fits 1440px in both languages (2.9s)
  ok 17 [chromium-mobile] › tests\e2e\afterglow.spec.ts:3:5 › body, labels and navigation use readable static text across both languages (24.3s)
  ok 23 [chromium-mobile] › tests\e2e\afterglow.spec.ts:123:5 › heading color outlasts its decorative band and fades while menu labels stay static (3.9s)
  ok 22 [chromium-mobile] › tests\e2e\readability.spec.ts:29:5 › 200 percent text enlargement keeps all pages readable and the menu usable (4.9s)
  ok 25 [chromium-mobile] › tests\e2e\readability.spec.ts:60:5 › home summaries lead to additional detail and contact availability is clear before navigation (1.5s)
  ok 26 [chromium-mobile] › tests\e2e\revision-v3.spec.ts:4:5 › completed handwriting holds for a second then lands on the hero line boxes (7.5s)
  ok 27 [chromium-mobile] › tests\e2e\revision-v3.spec.ts:75:7 › company thumbnails in both languages wait offscreen and fade with travel (3.9s)
  ok 28 [chromium-mobile] › tests\e2e\revision-v3.spec.ts:75:7 › business thumbnails in both languages wait offscreen and fade with travel (3.9s)
  ok 29 [chromium-mobile] › tests\e2e\revision-v3.spec.ts:75:7 › about thumbnails in both languages wait offscreen and fade with travel (3.8s)
  ok 30 [chromium-mobile] › tests\e2e\revision-v3.spec.ts:139:5 › an About image inside the initial viewport enters and settles without scrolling (2.8s)
  ok 24 [chromium-mobile] › tests\e2e\afterglow.spec.ts:201:5 › heading and band palettes stay fixed across random seeds while the hero stays still (24.0s)
(node:23820) Warning: The 'NO_COLOR' env is ignored due to the 'FORCE_COLOR' env being set.
(Use `node --trace-warnings ...` to show where the warning was created)
(node:23820) Warning: The 'NO_COLOR' env is ignored due to the 'FORCE_COLOR' env being set.
(Use `node --trace-warnings ...` to show where the warning was created)
  ok 31 [chromium-mobile] › tests\e2e\revision-v3.spec.ts:171:5 › production copy has a prominent localized collaboration CTA and no draft notices (1.3s)
  ok 33 [chromium-mobile] › tests\e2e\revision-v3.spec.ts:194:5 › cursor trails remain removed on mouse, touch and reduced motion (1.4s)
(node:36064) Warning: The 'NO_COLOR' env is ignored due to the 'FORCE_COLOR' env being set.
(Use `node --trace-warnings ...` to show where the warning was created)
(node:36064) Warning: The 'NO_COLOR' env is ignored due to the 'FORCE_COLOR' env being set.
(Use `node --trace-warnings ...` to show where the warning was created)
  ok 34 [webkit-mobile] › tests\e2e\readability.spec.ts:7:7 › readable page structure fits 320px in both languages (4.8s)
  ok 35 [webkit-mobile] › tests\e2e\readability.spec.ts:7:7 › readable page structure fits 390px in both languages (4.9s)
  ok 36 [webkit-mobile] › tests\e2e\readability.spec.ts:7:7 › readable page structure fits 768px in both languages (5.1s)
  ok 37 [webkit-mobile] › tests\e2e\readability.spec.ts:7:7 › readable page structure fits 1440px in both languages (8.6s)
  ok 32 [webkit-mobile] › tests\e2e\afterglow.spec.ts:3:5 › body, labels and navigation use readable static text across both languages (26.0s)
  ok 39 [webkit-mobile] › tests\e2e\afterglow.spec.ts:123:5 › heading color outlasts its decorative band and fades while menu labels stay static (4.9s)
  ok 38 [webkit-mobile] › tests\e2e\readability.spec.ts:29:5 › 200 percent text enlargement keeps all pages readable and the menu usable (13.4s)
  ok 41 [webkit-mobile] › tests\e2e\readability.spec.ts:60:5 › home summaries lead to additional detail and contact availability is clear before navigation (2.7s)
  ok 42 [webkit-mobile] › tests\e2e\revision-v3.spec.ts:4:5 › completed handwriting holds for a second then lands on the hero line boxes (7.7s)
  ok 43 [webkit-mobile] › tests\e2e\revision-v3.spec.ts:75:7 › company thumbnails in both languages wait offscreen and fade with travel (3.9s)
  ok 40 [webkit-mobile] › tests\e2e\afterglow.spec.ts:201:5 › heading and band palettes stay fixed across random seeds while the hero stays still (24.5s)
  ok 44 [webkit-mobile] › tests\e2e\revision-v3.spec.ts:75:7 › business thumbnails in both languages wait offscreen and fade with travel (4.0s)
  ok 45 [webkit-mobile] › tests\e2e\revision-v3.spec.ts:75:7 › about thumbnails in both languages wait offscreen and fade with travel (3.8s)
  ok 46 [webkit-mobile] › tests\e2e\revision-v3.spec.ts:139:5 › an About image inside the initial viewport enters and settles without scrolling (3.2s)
  ok 47 [webkit-mobile] › tests\e2e\revision-v3.spec.ts:171:5 › production copy has a prominent localized collaboration CTA and no draft notices (1.8s)
  ok 48 [webkit-mobile] › tests\e2e\revision-v3.spec.ts:194:5 › cursor trails remain removed on mouse, touch and reduced motion (1.8s)

  48 passed (2.7m)
