[WebServer] (node:7668) Warning: The 'NO_COLOR' env is ignored due to the 'FORCE_COLOR' env being set.
[WebServer] (Use `node --trace-warnings ...` to show where the warning was created)
[WebServer] (node:36408) Warning: The 'NO_COLOR' env is ignored due to the 'FORCE_COLOR' env being set.
[WebServer] (Use `node --trace-warnings ...` to show where the warning was created)

Running 177 tests using 2 workers

(node:27048) Warning: The 'NO_COLOR' env is ignored due to the 'FORCE_COLOR' env being set.
(Use `node --trace-warnings ...` to show where the warning was created)
(node:36296) Warning: The 'NO_COLOR' env is ignored due to the 'FORCE_COLOR' env being set.
(Use `node --trace-warnings ...` to show where the warning was created)
(node:27048) Warning: The 'NO_COLOR' env is ignored due to the 'FORCE_COLOR' env being set.
(Use `node --trace-warnings ...` to show where the warning was created)
(node:36296) Warning: The 'NO_COLOR' env is ignored due to the 'FORCE_COLOR' env being set.
(Use `node --trace-warnings ...` to show where the warning was created)
  ok   2 [chromium-desktop] › tests\e2e\corporate-assets.spec.ts:4:5 › adopted concepts and illustrations load in both languages without implying real screens or a playable video (3.9s)
  ok   3 [chromium-desktop] › tests\e2e\corporate-assets.spec.ts:96:5 › social cards use the correct language, full image URLs and a news-specific cover (1.3s)
  ok   1 [chromium-desktop] › tests\e2e\afterglow.spec.ts:3:5 › body, labels and navigation use readable static text across both languages (10.3s)
  ok   5 [chromium-desktop] › tests\e2e\afterglow.spec.ts:117:5 › heading color outlasts its decorative band and fades while menu labels stay static (3.4s)
  ok   4 [chromium-desktop] › tests\e2e\hero-v4.spec.ts:4:7 › / lands once, stays still and saves business effects for scrolling (12.9s)
  ok   7 [chromium-desktop] › tests\e2e\hero-v4.spec.ts:4:7 › /en lands once, stays still and saves business effects for scrolling (13.4s)
  ok   8 [chromium-desktop] › tests\e2e\hero-v4.spec.ts:122:5 › viewport-sized hero and static business band fit short, tall and narrow screens (2.0s)
  ok   9 [chromium-desktop] › tests\e2e\i18n.spec.ts:6:5 › English pages have localized headings, metadata, controls and server HTML (1.6s)
  ok   6 [chromium-desktop] › tests\e2e\afterglow.spec.ts:195:5 › heading and band palettes stay fixed across random seeds while the hero stays still (22.3s)
  ok  10 [chromium-desktop] › tests\e2e\i18n.spec.ts:56:5 › language switching preserves each page and business anchors, including menu navigation and Back (6.0s)
  ok  11 [chromium-desktop] › tests\e2e\metrics.spec.ts:3:5 › the counter progresses once without shifting its width or announcing intermediate numbers (5.2s)
  ok  12 [chromium-desktop] › tests\e2e\i18n.spec.ts:99:5 › unpublished English articles and missing routes return localized 404 with honest translation choices (1.0s)
  ok  13 [chromium-desktop] › tests\e2e\metrics.spec.ts:42:5 › enabling device reduced motion during an active counter shows its final value and stops the number and color animation (1.1s)
  ok  14 [chromium-desktop] › tests\e2e\i18n.spec.ts:130:5 › English contact remains disabled, reports no send, and protects unsent drafts before language navigation (595ms)
  ok  15 [chromium-desktop] › tests\e2e\metrics.spec.ts:56:5 › both languages label the example figures and preserve readable values without motion or JavaScript (2.6s)
  ok  16 [chromium-desktop] › tests\e2e\i18n.spec.ts:176:5 › 320px layouts keep both languages and menu controls within the screen (2.8s)
  ok  17 [chromium-desktop] › tests\e2e\motion.spec.ts:3:5 › body text is readable without masks before entering the viewport and after scrolling (876ms)
  ok  18 [chromium-desktop] › tests\e2e\i18n.spec.ts:217:5 › Device reduced motion survives language navigation without site controls and images are optional to understanding the company (1.5s)
  ok  20 [chromium-desktop] › tests\e2e\i18n.spec.ts:265:5 › English pages and menu pass WCAG 2.2 AA and work without JavaScript (6.2s)
  ok  19 [chromium-desktop] › tests\e2e\motion.spec.ts:61:5 › menu curtains animate behind immediately readable navigation text on each opening (9.5s)
  ok  22 [chromium-desktop] › tests\e2e\motion.spec.ts:120:5 › pausing during the entrance clears decorative bands and images without hiding copy (1.1s)
  ok  23 [chromium-desktop] › tests\e2e\motion.spec.ts:159:5 › resize and a partially failing animation API cannot strand a colored cover (981ms)
  ok  21 [chromium-desktop] › tests\e2e\opening-lifecycle.spec.ts:3:5 › late font readiness cannot restart a dismissed opening after a device preference change (6.3s)
  ok  24 [chromium-desktop] › tests\e2e\readability.spec.ts:7:7 › readable page structure fits 320px in both languages (2.1s)
  ok  26 [chromium-desktop] › tests\e2e\readability.spec.ts:7:7 › readable page structure fits 390px in both languages (2.4s)
  ok  27 [chromium-desktop] › tests\e2e\readability.spec.ts:7:7 › readable page structure fits 768px in both languages (2.4s)
  ok  28 [chromium-desktop] › tests\e2e\readability.spec.ts:7:7 › readable page structure fits 1440px in both languages (2.5s)
  ok  25 [chromium-desktop] › tests\e2e\revision-v3.spec.ts:4:5 › completed handwriting holds for a second then lands on the hero line boxes (7.4s)
  ok  30 [chromium-desktop] › tests\e2e\revision-v3.spec.ts:75:7 › company thumbnails in both languages wait offscreen and fade with travel (3.8s)
  ok  29 [chromium-desktop] › tests\e2e\readability.spec.ts:29:5 › 200 percent text enlargement keeps all pages readable and the menu usable (4.2s)
  ok  32 [chromium-desktop] › tests\e2e\readability.spec.ts:60:5 › home summaries lead to additional detail and contact availability is clear before navigation (1.5s)
  ok  33 [chromium-desktop] › tests\e2e\site.spec.ts:13:5 › all real pages render, stay out of search and have no horizontal overflow (1.4s)
  ok  31 [chromium-desktop] › tests\e2e\revision-v3.spec.ts:75:7 › business thumbnails in both languages wait offscreen and fade with travel (3.8s)
  ok  34 [chromium-desktop] › tests\e2e\site.spec.ts:38:5 › menu traps Tab and Shift+Tab, closes with Escape and restores scroll and focus (8.6s)
  x   35 [chromium-desktop] › tests\e2e\revision-v3.spec.ts:75:7 › about thumbnails in both languages wait offscreen and fade with travel (12.9s)
(node:38180) Warning: The 'NO_COLOR' env is ignored due to the 'FORCE_COLOR' env being set.
(Use `node --trace-warnings ...` to show where the warning was created)
(node:38180) Warning: The 'NO_COLOR' env is ignored due to the 'FORCE_COLOR' env being set.
(Use `node --trace-warnings ...` to show where the warning was created)
  ok  37 [chromium-desktop] › tests\e2e\revision-v3.spec.ts:124:5 › production copy has a prominent localized collaboration CTA and no draft notices (1.3s)
  ok  36 [chromium-desktop] › tests\e2e\site.spec.ts:81:5 › menu navigation focuses destination and Back leaves no lock (8.3s)
  ok  38 [chromium-desktop] › tests\e2e\revision-v3.spec.ts:147:5 › cursor trails remain removed on mouse, touch and reduced motion (1.3s)
  ok  40 [chromium-desktop] › tests\e2e\storyboard.spec.ts:3:5 › opening writes the exact phrase with no ink dots before each pen stroke (7.4s)
  ok  41 [chromium-desktop] › tests\e2e\storyboard.spec.ts:62:7 › opening has no skip UI and releases focus on Tab (987ms)
  ok  39 [chromium-desktop] › tests\e2e\site.spec.ts:100:5 › rapid close, reopen, resizing and short-height navigation remain usable (9.7s)
  ok  42 [chromium-desktop] › tests\e2e\storyboard.spec.ts:62:7 › opening has no skip UI and releases focus on Escape (1.0s)
  ok  43 [chromium-desktop] › tests\e2e\site.spec.ts:121:5 › contact cannot collect or falsely report sending; unpublished articles return 404 (1.0s)
  ok  44 [chromium-desktop] › tests\e2e\storyboard.spec.ts:62:7 › opening has no skip UI and releases focus on scroll (1.1s)
  ok  45 [chromium-desktop] › tests\e2e\site.spec.ts:154:5 › device reduced-motion persists on reload and keeps content visible without site controls (1.3s)
  ok  46 [chromium-desktop] › tests\e2e\storyboard.spec.ts:86:5 › opening replays on reload and full home navigation in both languages (1.8s)
  ok  48 [chromium-desktop] › tests\e2e\storyboard.spec.ts:112:5 › device preferences and direct anchors work; the removed saved toggle has no effect (990ms)
  ok  49 [chromium-desktop] › tests\e2e\storyboard.spec.ts:139:5 › changing reduced motion during the opening releases the native modal (770ms)
  ok  47 [chromium-desktop] › tests\e2e\site.spec.ts:186:5 › cut-in ends in place across scrolling, touch has no pointer effect (3.9s)
  ok  50 [chromium-desktop] › tests\e2e\storyboard.spec.ts:155:5 › thumbnails wait transparent offscreen, fade and travel on entry, then stay settled (8.8s)
  ok  52 [chromium-desktop] › tests\e2e\storyboard.spec.ts:218:5 › an active image fade settles on OS change and a focused waiting card is immediately readable (7.3s)
  ok  53 [chromium-desktop] › tests\e2e\storyboard.spec.ts:246:5 › no JavaScript, forced colors and failed image animation all expose readable thumbnails (2.8s)
  ok  54 [chromium-desktop] › tests\e2e\thumbnails.spec.ts:22:5 › four selected assets load in all eight business placements in both languages and stay static on scroll (6.3s)
  ok  51 [chromium-desktop] › tests\e2e\site.spec.ts:223:5 › 360, 768, and effective 200% desktop zoom have no clipped controls (24.1s)
  ok  56 [chromium-desktop] › tests\e2e\site.spec.ts:246:5 › key pages and the full-screen menu pass axe WCAG 2.2 AA (3.3s)
  ok  57 [chromium-desktop] › tests\e2e\site.spec.ts:271:5 › without JavaScript all copy and footer routes remain available (647ms)
  ok  58 [chromium-desktop] › tests\e2e\site.spec.ts:290:5 › animation API failure leaves readable content and working navigation (802ms)
(node:2396) Warning: The 'NO_COLOR' env is ignored due to the 'FORCE_COLOR' env being set.
(Use `node --trace-warnings ...` to show where the warning was created)
(node:2396) Warning: The 'NO_COLOR' env is ignored due to the 'FORCE_COLOR' env being set.
(Use `node --trace-warnings ...` to show where the warning was created)
  ok  55 [chromium-desktop] › tests\e2e\thumbnails.spec.ts:70:5 › only the thumbnail cursor hover cycles eight palettes; focus and touch remain static (14.7s)
  ok  59 [chromium-mobile] › tests\e2e\afterglow.spec.ts:3:5 › body, labels and navigation use readable static text across both languages (10.0s)
  ok  61 [chromium-mobile] › tests\e2e\afterglow.spec.ts:117:5 › heading color outlasts its decorative band and fades while menu labels stay static (3.7s)
  ok  60 [chromium-desktop] › tests\e2e\thumbnails.spec.ts:124:5 › detail image hover honors device reduced motion and resumes on preference change while the hero stays static (9.8s)
(node:4960) Warning: The 'NO_COLOR' env is ignored due to the 'FORCE_COLOR' env being set.
(Use `node --trace-warnings ...` to show where the warning was created)
(node:4960) Warning: The 'NO_COLOR' env is ignored due to the 'FORCE_COLOR' env being set.
(Use `node --trace-warnings ...` to show where the warning was created)
  ok  63 [chromium-mobile] › tests\e2e\corporate-assets.spec.ts:4:5 › adopted concepts and illustrations load in both languages without implying real screens or a playable video (3.2s)
  ok  64 [chromium-mobile] › tests\e2e\corporate-assets.spec.ts:96:5 › social cards use the correct language, full image URLs and a news-specific cover (1.2s)
  ok  62 [chromium-mobile] › tests\e2e\afterglow.spec.ts:195:5 › heading and band palettes stay fixed across random seeds while the hero stays still (22.8s)
  ok  65 [chromium-mobile] › tests\e2e\hero-v4.spec.ts:4:7 › / lands once, stays still and saves business effects for scrolling (12.6s)
  ok  67 [chromium-mobile] › tests\e2e\i18n.spec.ts:6:5 › English pages have localized headings, metadata, controls and server HTML (1.6s)
  ok  68 [chromium-mobile] › tests\e2e\i18n.spec.ts:56:5 › language switching preserves each page and business anchors, including menu navigation and Back (4.8s)
  ok  69 [chromium-mobile] › tests\e2e\i18n.spec.ts:99:5 › unpublished English articles and missing routes return localized 404 with honest translation choices (919ms)
  ok  70 [chromium-mobile] › tests\e2e\i18n.spec.ts:130:5 › English contact remains disabled, reports no send, and protects unsent drafts before language navigation (479ms)
  ok  71 [chromium-mobile] › tests\e2e\i18n.spec.ts:176:5 › 320px layouts keep both languages and menu controls within the screen (2.6s)
  ok  72 [chromium-mobile] › tests\e2e\i18n.spec.ts:217:5 › Device reduced motion survives language navigation without site controls and images are optional to understanding the company (1.3s)
  ok  66 [chromium-mobile] › tests\e2e\hero-v4.spec.ts:4:7 › /en lands once, stays still and saves business effects for scrolling (13.1s)
  ok  74 [chromium-mobile] › tests\e2e\hero-v4.spec.ts:122:5 › viewport-sized hero and static business band fit short, tall and narrow screens (1.7s)
  ok  73 [chromium-mobile] › tests\e2e\i18n.spec.ts:265:5 › English pages and menu pass WCAG 2.2 AA and work without JavaScript (5.1s)
  ok  76 [chromium-mobile] › tests\e2e\motion.spec.ts:3:5 › body text is readable without masks before entering the viewport and after scrolling (1.0s)
  ok  75 [chromium-mobile] › tests\e2e\metrics.spec.ts:3:5 › the counter progresses once without shifting its width or announcing intermediate numbers (5.1s)
  ok  78 [chromium-mobile] › tests\e2e\metrics.spec.ts:42:5 › enabling device reduced motion during an active counter shows its final value and stops the number and color animation (1.1s)
  ok  79 [chromium-mobile] › tests\e2e\metrics.spec.ts:56:5 › both languages label the example figures and preserve readable values without motion or JavaScript (2.5s)
  ok  77 [chromium-mobile] › tests\e2e\motion.spec.ts:61:5 › menu curtains animate behind immediately readable navigation text on each opening (9.4s)
  ok  81 [chromium-mobile] › tests\e2e\motion.spec.ts:120:5 › pausing during the entrance clears decorative bands and images without hiding copy (980ms)
  ok  82 [chromium-mobile] › tests\e2e\motion.spec.ts:159:5 › resize and a partially failing animation API cannot strand a colored cover (1.0s)
  ok  80 [chromium-mobile] › tests\e2e\opening-lifecycle.spec.ts:3:5 › late font readiness cannot restart a dismissed opening after a device preference change (6.0s)
  ok  83 [chromium-mobile] › tests\e2e\readability.spec.ts:7:7 › readable page structure fits 320px in both languages (2.1s)
  ok  85 [chromium-mobile] › tests\e2e\readability.spec.ts:7:7 › readable page structure fits 390px in both languages (2.2s)
  ok  86 [chromium-mobile] › tests\e2e\readability.spec.ts:7:7 › readable page structure fits 768px in both languages (2.4s)
  ok  84 [chromium-mobile] › tests\e2e\revision-v3.spec.ts:4:5 › completed handwriting holds for a second then lands on the hero line boxes (7.2s)
  ok  87 [chromium-mobile] › tests\e2e\readability.spec.ts:7:7 › readable page structure fits 1440px in both languages (2.5s)
  ok  88 [chromium-mobile] › tests\e2e\revision-v3.spec.ts:75:7 › company thumbnails in both languages wait offscreen and fade with travel (3.8s)
  ok  89 [chromium-mobile] › tests\e2e\readability.spec.ts:29:5 › 200 percent text enlargement keeps all pages readable and the menu usable (4.0s)
  ok  91 [chromium-mobile] › tests\e2e\readability.spec.ts:60:5 › home summaries lead to additional detail and contact availability is clear before navigation (1.3s)
  ok  90 [chromium-mobile] › tests\e2e\revision-v3.spec.ts:75:7 › business thumbnails in both languages wait offscreen and fade with travel (3.7s)
  ok  92 [chromium-mobile] › tests\e2e\site.spec.ts:13:5 › all real pages render, stay out of search and have no horizontal overflow (1.3s)
  ok  93 [chromium-mobile] › tests\e2e\revision-v3.spec.ts:75:7 › about thumbnails in both languages wait offscreen and fade with travel (3.7s)
  ok  95 [chromium-mobile] › tests\e2e\revision-v3.spec.ts:124:5 › production copy has a prominent localized collaboration CTA and no draft notices (1.3s)
  ok  96 [chromium-mobile] › tests\e2e\revision-v3.spec.ts:147:5 › cursor trails remain removed on mouse, touch and reduced motion (1.3s)
  ok  94 [chromium-mobile] › tests\e2e\site.spec.ts:38:5 › menu traps Tab and Shift+Tab, closes with Escape and restores scroll and focus (8.5s)
  ok  97 [chromium-mobile] › tests\e2e\storyboard.spec.ts:3:5 › opening writes the exact phrase with no ink dots before each pen stroke (7.4s)
  ok  99 [chromium-mobile] › tests\e2e\storyboard.spec.ts:62:7 › opening has no skip UI and releases focus on Tab (894ms)
  ok 100 [chromium-mobile] › tests\e2e\storyboard.spec.ts:62:7 › opening has no skip UI and releases focus on Escape (910ms)
  ok 101 [chromium-mobile] › tests\e2e\storyboard.spec.ts:62:7 › opening has no skip UI and releases focus on scroll (1.2s)
  ok  98 [chromium-mobile] › tests\e2e\site.spec.ts:81:5 › menu navigation focuses destination and Back leaves no lock (8.2s)
  ok 102 [chromium-mobile] › tests\e2e\storyboard.spec.ts:86:5 › opening replays on reload and full home navigation in both languages (1.9s)
  ok 104 [chromium-mobile] › tests\e2e\storyboard.spec.ts:112:5 › device preferences and direct anchors work; the removed saved toggle has no effect (1.1s)
  ok 105 [chromium-mobile] › tests\e2e\storyboard.spec.ts:139:5 › changing reduced motion during the opening releases the native modal (850ms)
  ok 103 [chromium-mobile] › tests\e2e\site.spec.ts:100:5 › rapid close, reopen, resizing and short-height navigation remain usable (10.4s)
  ok 107 [chromium-mobile] › tests\e2e\site.spec.ts:121:5 › contact cannot collect or falsely report sending; unpublished articles return 404 (908ms)
  ok 106 [chromium-mobile] › tests\e2e\storyboard.spec.ts:155:5 › thumbnails wait transparent offscreen, fade and travel on entry, then stay settled (8.7s)
  ok 108 [chromium-mobile] › tests\e2e\site.spec.ts:154:5 › device reduced-motion persists on reload and keeps content visible without site controls (1.3s)
  ok 110 [chromium-mobile] › tests\e2e\site.spec.ts:186:5 › cut-in ends in place across scrolling, touch has no pointer effect (3.8s)
  ok 109 [chromium-mobile] › tests\e2e\storyboard.spec.ts:218:5 › an active image fade settles on OS change and a focused waiting card is immediately readable (7.4s)
  ok 112 [chromium-mobile] › tests\e2e\storyboard.spec.ts:246:5 › no JavaScript, forced colors and failed image animation all expose readable thumbnails (3.3s)
  ok 113 [chromium-mobile] › tests\e2e\thumbnails.spec.ts:22:5 › four selected assets load in all eight business placements in both languages and stay static on scroll (8.7s)
  ok 114 [chromium-mobile] › tests\e2e\thumbnails.spec.ts:70:5 › only the thumbnail cursor hover cycles eight palettes; focus and touch remain static (9.8s)
  ok 111 [chromium-mobile] › tests\e2e\site.spec.ts:223:5 › 360, 768, and effective 200% desktop zoom have no clipped controls (24.4s)
  ok 116 [chromium-mobile] › tests\e2e\site.spec.ts:246:5 › key pages and the full-screen menu pass axe WCAG 2.2 AA (3.5s)
  ok 117 [chromium-mobile] › tests\e2e\site.spec.ts:271:5 › without JavaScript all copy and footer routes remain available (631ms)
  ok 118 [chromium-mobile] › tests\e2e\site.spec.ts:290:5 › animation API failure leaves readable content and working navigation (882ms)
(node:7768) Warning: The 'NO_COLOR' env is ignored due to the 'FORCE_COLOR' env being set.
(Use `node --trace-warnings ...` to show where the warning was created)
(node:7768) Warning: The 'NO_COLOR' env is ignored due to the 'FORCE_COLOR' env being set.
(Use `node --trace-warnings ...` to show where the warning was created)
  ok 115 [chromium-mobile] › tests\e2e\thumbnails.spec.ts:124:5 › detail image hover honors device reduced motion and resumes on preference change while the hero stays static (9.3s)
  x  119 [webkit-mobile] › tests\e2e\afterglow.spec.ts:3:5 › body, labels and navigation use readable static text across both languages (1.6s)
(node:38720) Warning: The 'NO_COLOR' env is ignored due to the 'FORCE_COLOR' env being set.
(Use `node --trace-warnings ...` to show where the warning was created)
(node:38720) Warning: The 'NO_COLOR' env is ignored due to the 'FORCE_COLOR' env being set.
(Use `node --trace-warnings ...` to show where the warning was created)
(node:18740) Warning: The 'NO_COLOR' env is ignored due to the 'FORCE_COLOR' env being set.
(Use `node --trace-warnings ...` to show where the warning was created)
(node:18740) Warning: The 'NO_COLOR' env is ignored due to the 'FORCE_COLOR' env being set.
(Use `node --trace-warnings ...` to show where the warning was created)
  ok 121 [webkit-mobile] › tests\e2e\afterglow.spec.ts:117:5 › heading color outlasts its decorative band and fades while menu labels stay static (5.4s)
  ok 120 [webkit-mobile] › tests\e2e\corporate-assets.spec.ts:4:5 › adopted concepts and illustrations load in both languages without implying real screens or a playable video (9.7s)
  ok 123 [webkit-mobile] › tests\e2e\corporate-assets.spec.ts:96:5 › social cards use the correct language, full image URLs and a news-specific cover (1.7s)
  ok 124 [webkit-mobile] › tests\e2e\hero-v4.spec.ts:4:7 › / lands once, stays still and saves business effects for scrolling (13.7s)
  ok 122 [webkit-mobile] › tests\e2e\afterglow.spec.ts:195:5 › heading and band palettes stay fixed across random seeds while the hero stays still (24.9s)
  ok 126 [webkit-mobile] › tests\e2e\i18n.spec.ts:6:5 › English pages have localized headings, metadata, controls and server HTML (2.5s)
  ok 125 [webkit-mobile] › tests\e2e\hero-v4.spec.ts:4:7 › /en lands once, stays still and saves business effects for scrolling (13.6s)
  ok 128 [webkit-mobile] › tests\e2e\hero-v4.spec.ts:122:5 › viewport-sized hero and static business band fit short, tall and narrow screens (2.3s)
  ok 127 [webkit-mobile] › tests\e2e\i18n.spec.ts:56:5 › language switching preserves each page and business anchors, including menu navigation and Back (11.2s)
  ok 130 [webkit-mobile] › tests\e2e\i18n.spec.ts:99:5 › unpublished English articles and missing routes return localized 404 with honest translation choices (1.9s)
  ok 129 [webkit-mobile] › tests\e2e\metrics.spec.ts:3:5 › the counter progresses once without shifting its width or announcing intermediate numbers (5.8s)
  ok 131 [webkit-mobile] › tests\e2e\i18n.spec.ts:130:5 › English contact remains disabled, reports no send, and protects unsent drafts before language navigation (1.2s)
  ok 132 [webkit-mobile] › tests\e2e\metrics.spec.ts:42:5 › enabling device reduced motion during an active counter shows its final value and stops the number and color animation (2.0s)
  ok 133 [webkit-mobile] › tests\e2e\i18n.spec.ts:176:5 › 320px layouts keep both languages and menu controls within the screen (6.8s)
  ok 134 [webkit-mobile] › tests\e2e\metrics.spec.ts:56:5 › both languages label the example figures and preserve readable values without motion or JavaScript (5.6s)
  ok 136 [webkit-mobile] › tests\e2e\motion.spec.ts:3:5 › body text is readable without masks before entering the viewport and after scrolling (1.8s)
  ok 135 [webkit-mobile] › tests\e2e\i18n.spec.ts:217:5 › Device reduced motion survives language navigation without site controls and images are optional to understanding the company (3.4s)
  ok 138 [webkit-mobile] › tests\e2e\i18n.spec.ts:265:5 › English pages and menu pass WCAG 2.2 AA and work without JavaScript (7.9s)
  ok 137 [webkit-mobile] › tests\e2e\motion.spec.ts:61:5 › menu curtains animate behind immediately readable navigation text on each opening (9.6s)
  ok 140 [webkit-mobile] › tests\e2e\motion.spec.ts:120:5 › pausing during the entrance clears decorative bands and images without hiding copy (2.4s)
  ok 141 [webkit-mobile] › tests\e2e\motion.spec.ts:159:5 › resize and a partially failing animation API cannot strand a colored cover (2.2s)
  ok 139 [webkit-mobile] › tests\e2e\opening-lifecycle.spec.ts:3:5 › late font readiness cannot restart a dismissed opening after a device preference change (6.7s)
  ok 142 [webkit-mobile] › tests\e2e\readability.spec.ts:7:7 › readable page structure fits 320px in both languages (4.5s)
  ok 144 [webkit-mobile] › tests\e2e\readability.spec.ts:7:7 › readable page structure fits 390px in both languages (4.4s)
  ok 143 [webkit-mobile] › tests\e2e\revision-v3.spec.ts:4:5 › completed handwriting holds for a second then lands on the hero line boxes (8.0s)
  ok 146 [webkit-mobile] › tests\e2e\revision-v3.spec.ts:75:7 › company thumbnails in both languages wait offscreen and fade with travel (4.2s)
  ok 145 [webkit-mobile] › tests\e2e\readability.spec.ts:7:7 › readable page structure fits 768px in both languages (5.8s)
  ok 147 [webkit-mobile] › tests\e2e\revision-v3.spec.ts:75:7 › business thumbnails in both languages wait offscreen and fade with travel (4.1s)
  ok 149 [webkit-mobile] › tests\e2e\revision-v3.spec.ts:75:7 › about thumbnails in both languages wait offscreen and fade with travel (4.1s)
  ok 148 [webkit-mobile] › tests\e2e\readability.spec.ts:7:7 › readable page structure fits 1440px in both languages (8.5s)
  ok 150 [webkit-mobile] › tests\e2e\revision-v3.spec.ts:124:5 › production copy has a prominent localized collaboration CTA and no draft notices (2.3s)
  ok 152 [webkit-mobile] › tests\e2e\revision-v3.spec.ts:147:5 › cursor trails remain removed on mouse, touch and reduced motion (2.1s)
  ok 153 [webkit-mobile] › tests\e2e\site.spec.ts:13:5 › all real pages render, stay out of search and have no horizontal overflow (2.5s)
  ok 151 [webkit-mobile] › tests\e2e\readability.spec.ts:29:5 › 200 percent text enlargement keeps all pages readable and the menu usable (14.5s)
  ok 154 [webkit-mobile] › tests\e2e\site.spec.ts:38:5 › menu traps Tab and Shift+Tab, closes with Escape and restores scroll and focus (9.2s)
  ok 155 [webkit-mobile] › tests\e2e\readability.spec.ts:60:5 › home summaries lead to additional detail and contact availability is clear before navigation (2.7s)
  ok 156 [webkit-mobile] › tests\e2e\site.spec.ts:81:5 › menu navigation focuses destination and Back leaves no lock (9.3s)
  ok 157 [webkit-mobile] › tests\e2e\storyboard.spec.ts:3:5 › opening writes the exact phrase with no ink dots before each pen stroke (8.1s)
  ok 159 [webkit-mobile] › tests\e2e\storyboard.spec.ts:62:7 › opening has no skip UI and releases focus on Tab (1.7s)
  ok 160 [webkit-mobile] › tests\e2e\storyboard.spec.ts:62:7 › opening has no skip UI and releases focus on Escape (1.4s)
  ok 161 [webkit-mobile] › tests\e2e\storyboard.spec.ts:62:7 › opening has no skip UI and releases focus on scroll (1.8s)
  ok 158 [webkit-mobile] › tests\e2e\site.spec.ts:100:5 › rapid close, reopen, resizing and short-height navigation remain usable (13.2s)
  ok 162 [webkit-mobile] › tests\e2e\storyboard.spec.ts:86:5 › opening replays on reload and full home navigation in both languages (8.6s)
  ok 163 [webkit-mobile] › tests\e2e\site.spec.ts:121:5 › contact cannot collect or falsely report sending; unpublished articles return 404 (1.6s)
  ok 164 [webkit-mobile] › tests\e2e\storyboard.spec.ts:112:5 › device preferences and direct anchors work; the removed saved toggle has no effect (1.5s)
  ok 165 [webkit-mobile] › tests\e2e\site.spec.ts:154:5 › device reduced-motion persists on reload and keeps content visible without site controls (1.8s)
  ok 166 [webkit-mobile] › tests\e2e\storyboard.spec.ts:139:5 › changing reduced motion during the opening releases the native modal (1.5s)
  ok 167 [webkit-mobile] › tests\e2e\site.spec.ts:186:5 › cut-in ends in place across scrolling, touch has no pointer effect (5.0s)
  ok 168 [webkit-mobile] › tests\e2e\storyboard.spec.ts:155:5 › thumbnails wait transparent offscreen, fade and travel on entry, then stay settled (10.0s)
  ok 170 [webkit-mobile] › tests\e2e\storyboard.spec.ts:218:5 › an active image fade settles on OS change and a focused waiting card is immediately readable (8.1s)
  ok 171 [webkit-mobile] › tests\e2e\storyboard.spec.ts:246:5 › no JavaScript, forced colors and failed image animation all expose readable thumbnails (3.4s)
  ok 169 [webkit-mobile] › tests\e2e\site.spec.ts:223:5 › 360, 768, and effective 200% desktop zoom have no clipped controls (28.0s)
  ok 172 [webkit-mobile] › tests\e2e\thumbnails.spec.ts:22:5 › four selected assets load in all eight business placements in both languages and stay static on scroll (13.6s)
  ok 173 [webkit-mobile] › tests\e2e\site.spec.ts:246:5 › key pages and the full-screen menu pass axe WCAG 2.2 AA (5.4s)
  ok 175 [webkit-mobile] › tests\e2e\site.spec.ts:271:5 › without JavaScript all copy and footer routes remain available (1.2s)
  ok 176 [webkit-mobile] › tests\e2e\site.spec.ts:290:5 › animation API failure leaves readable content and working navigation (2.1s)
  ok 174 [webkit-mobile] › tests\e2e\thumbnails.spec.ts:70:5 › only the thumbnail cursor hover cycles eight palettes; focus and touch remain static (10.1s)
  ok 177 [webkit-mobile] › tests\e2e\thumbnails.spec.ts:124:5 › detail image hover honors device reduced motion and resumes on preference change while the hero stays static (10.1s)


  1) [chromium-desktop] › tests\e2e\revision-v3.spec.ts:75:7 › about thumbnails in both languages wait offscreen and fade with travel 

    Error: expect(locator).not.toHaveAttribute(expected) failed

    Locator:  locator('.story-card-media').last()
    Expected: not "true"
    Received: "true"
    Timeout:  10000ms

    Call log:
      - Expect "not toHaveAttribute" locator('.story-card-media').last() with timeout 10000ms
      - waiting for locator('.story-card-media').last()
        23 × locator resolved to <span class="story-card-media" data-story-entered="true">…</span>
           - unexpected value "true"


      81 |       const last = images.last();
      82 |       await expect(last).toHaveCSS("opacity", "0");
    > 83 |       await expect(last).not.toHaveAttribute("data-story-entered", "true");
         |                              ^
      84 |       const samples = await last.evaluate(async (el) => {
      85 |         el.parentElement!.scrollIntoView({
      86 |           block: "center",
        at C:\Users\taisa\Desktop\corporate-readability-20260922\tests\e2e\revision-v3.spec.ts:83:30

    attachment #1: screenshot (image/png) ──────────────────────────────────────────────────────────
    test-results\revision-v3-about-thumbnai-4a250-screen-and-fade-with-travel-chromium-desktop\test-failed-1.png
    ────────────────────────────────────────────────────────────────────────────────────────────────

    attachment #2: video (video/webm) ──────────────────────────────────────────────────────────────
    test-results\revision-v3-about-thumbnai-4a250-screen-and-fade-with-travel-chromium-desktop\video.webm
    ────────────────────────────────────────────────────────────────────────────────────────────────

    Error Context: test-results\revision-v3-about-thumbnai-4a250-screen-and-fade-with-travel-chromium-desktop\error-context.md

    attachment #4: trace (application/zip) ─────────────────────────────────────────────────────────
    test-results\revision-v3-about-thumbnai-4a250-screen-and-fade-with-travel-chromium-desktop\trace.zip
    Usage:

        npx playwright show-trace test-results\revision-v3-about-thumbnai-4a250-screen-and-fade-with-travel-chromium-desktop\trace.zip

    ────────────────────────────────────────────────────────────────────────────────────────────────

  2) [webkit-mobile] › tests\e2e\afterglow.spec.ts:3:5 › body, labels and navigation use readable static text across both languages 

    Error: /: 本文へスキップ

    expect(received).toMatchObject(expected)

    - Expected  - 1
    + Received  + 1

    @@ -3,7 +3,7 @@
        "clipPath": "none",
        "decorations": 0,
        "mask": "none",
        "motion": "static",
        "opacity": "1",
    -   "visibility": "visible",
    +   "visibility": "hidden",
      }

      76 |     for (const entry of staticText) {
      77 |       expect(entry.text, route).toBeTruthy();
    > 78 |       expect(entry, `${route}: ${entry.text}`).toMatchObject({
         |                                                ^
      79 |         motion: "static",
      80 |         opacity: "1",
      81 |         visibility: "visible",
        at C:\Users\taisa\Desktop\corporate-readability-20260922\tests\e2e\afterglow.spec.ts:78:48

    attachment #1: screenshot (image/png) ──────────────────────────────────────────────────────────
    test-results\afterglow-body-labels-and--216ed--text-across-both-languages-webkit-mobile\test-failed-1.png
    ────────────────────────────────────────────────────────────────────────────────────────────────

    attachment #2: video (video/webm) ──────────────────────────────────────────────────────────────
    test-results\afterglow-body-labels-and--216ed--text-across-both-languages-webkit-mobile\video.webm
    ────────────────────────────────────────────────────────────────────────────────────────────────

    Error Context: test-results\afterglow-body-labels-and--216ed--text-across-both-languages-webkit-mobile\error-context.md

    attachment #4: trace (application/zip) ─────────────────────────────────────────────────────────
    test-results\afterglow-body-labels-and--216ed--text-across-both-languages-webkit-mobile\trace.zip
    Usage:

        npx playwright show-trace test-results\afterglow-body-labels-and--216ed--text-across-both-languages-webkit-mobile\trace.zip

    ────────────────────────────────────────────────────────────────────────────────────────────────

  2 failed
    [chromium-desktop] › tests\e2e\revision-v3.spec.ts:75:7 › about thumbnails in both languages wait offscreen and fade with travel 
    [webkit-mobile] › tests\e2e\afterglow.spec.ts:3:5 › body, labels and navigation use readable static text across both languages 
  175 passed (8.0m)
