
Running 201 tests using 2 workers

(node:25448) Warning: The 'NO_COLOR' env is ignored due to the 'FORCE_COLOR' env being set.
(Use `node --trace-warnings ...` to show where the warning was created)
(node:43276) Warning: The 'NO_COLOR' env is ignored due to the 'FORCE_COLOR' env being set.
(Use `node --trace-warnings ...` to show where the warning was created)
(node:25448) Warning: The 'NO_COLOR' env is ignored due to the 'FORCE_COLOR' env being set.
(Use `node --trace-warnings ...` to show where the warning was created)
(node:43276) Warning: The 'NO_COLOR' env is ignored due to the 'FORCE_COLOR' env being set.
(Use `node --trace-warnings ...` to show where the warning was created)
  ok   2 [chromium-desktop] › tests\e2e\corporate-assets.spec.ts:4:5 › adopted concepts and illustrations load in both languages without implying real screens or a playable video (2.7s)
  ok   3 [chromium-desktop] › tests\e2e\corporate-assets.spec.ts:96:5 › social cards use the correct language, full image URLs and a news-specific cover (936ms)
  ok   4 [chromium-desktop] › tests\e2e\gradient-surfaces.spec.ts:3:5 › section colors keep their authored palette and background washes remain soft (512ms)
  ok   5 [chromium-desktop] › tests\e2e\gradient-surfaces.spec.ts:44:5 › all Hero copy has readable normal ink with motion suppressed and a single image shade (787ms)
  ok   6 [chromium-desktop] › tests\e2e\gradient-surfaces.spec.ts:80:5 › body color cancels safely on reduced motion and animation API failure (556ms)
  ok   7 [chromium-desktop] › tests\e2e\gradient-surfaces.spec.ts:102:5 › production text wipes clear on resize and partial animation failure and reveal normal text (442ms)
  ok   1 [chromium-desktop] › tests\e2e\afterglow.spec.ts:3:5 › authored text retains gradients except the intentionally static hero band and scroll cue (8.8s)
  ok   9 [chromium-desktop] › tests\e2e\afterglow.spec.ts:68:5 › independent text rhythms keep color after the background passes, then fade slowly to black (3.4s)
  ok   8 [chromium-desktop] › tests\e2e\hero-v4.spec.ts:4:7 › / lands once, stays still and saves business effects for scrolling (12.4s)
  ok  10 [chromium-desktop] › tests\e2e\afterglow.spec.ts:146:5 › scrolled headings vary palettes without hydration mismatch while the hero stays still (15.3s)
  ok  12 [chromium-desktop] › tests\e2e\i18n.spec.ts:6:5 › English pages have localized headings, metadata, controls and server HTML (1.3s)
  ok  11 [chromium-desktop] › tests\e2e\hero-v4.spec.ts:4:7 › /en lands once, stays still and saves business effects for scrolling (13.0s)
  ok  14 [chromium-desktop] › tests\e2e\hero-v4.spec.ts:122:5 › viewport-sized hero and static business band fit short, tall and narrow screens (1.8s)
  ok  13 [chromium-desktop] › tests\e2e\i18n.spec.ts:56:5 › language switching preserves each page and business anchors, including menu navigation and Back (4.6s)
  ok  16 [chromium-desktop] › tests\e2e\i18n.spec.ts:99:5 › unpublished English articles and missing routes return localized 404 with honest translation choices (795ms)
  ok  17 [chromium-desktop] › tests\e2e\i18n.spec.ts:130:5 › English contact remains disabled, reports no send, and protects unsent drafts before language navigation (476ms)
  ok  18 [chromium-desktop] › tests\e2e\i18n.spec.ts:176:5 › 320px layouts keep both languages and menu controls within the screen (2.1s)
  ok  15 [chromium-desktop] › tests\e2e\metrics.spec.ts:3:5 › the counter progresses once without shifting its width or announcing intermediate numbers (4.8s)
  ok  19 [chromium-desktop] › tests\e2e\i18n.spec.ts:217:5 › Device reduced motion survives language navigation without site controls and images are optional to understanding the company (1.1s)
  ok  20 [chromium-desktop] › tests\e2e\metrics.spec.ts:42:5 › enabling device reduced motion during an active counter shows its final value and stops the number and color animation (874ms)
  ok  22 [chromium-desktop] › tests\e2e\metrics.spec.ts:56:5 › both languages label the example figures and preserve readable values without motion or JavaScript (1.9s)
  ok  21 [chromium-desktop] › tests\e2e\i18n.spec.ts:265:5 › English pages and menu pass WCAG 2.2 AA and work without JavaScript (4.6s)
  ok  23 [chromium-desktop] › tests\e2e\motion.spec.ts:3:5 › text below the viewport keeps its entrance until visible, then settles to black once (3.5s)
  ok  24 [chromium-desktop] › tests\e2e\opening-lifecycle.spec.ts:3:5 › late font readiness cannot restart a dismissed opening after a device preference change (5.8s)
  ok  26 [chromium-desktop] › tests\e2e\production-text-motion.spec.ts:9:5 › body restores the observed Production wipe, moving gradient and timing rules (3.3s)
  ok  27 [chromium-desktop] › tests\e2e\production-text-motion.spec.ts:60:5 › utility text uses Production color-only motion without a wipe or changing its hit target (3.3s)
  ok  28 [chromium-desktop] › tests\e2e\production-text-motion.spec.ts:76:5 › menu restores separate wipe palettes on every opening and reveals keyboard-focused labels immediately (2.3s)
  ok  29 [chromium-desktop] › tests\e2e\readability.spec.ts:7:7 › readable page structure fits 320px in both languages (1.7s)
  ok  30 [chromium-desktop] › tests\e2e\readability.spec.ts:7:7 › readable page structure fits 390px in both languages (1.7s)
  ok  25 [chromium-desktop] › tests\e2e\motion.spec.ts:79:5 › opening the menu starts two color curtains and separate text wipes, then clears them (17.2s)
  ok  32 [chromium-desktop] › tests\e2e\motion.spec.ts:119:5 › pausing during the entrance clears decorative bands and images without hiding copy (1.0s)
  ok  31 [chromium-desktop] › tests\e2e\readability.spec.ts:7:7 › readable page structure fits 768px in both languages (1.9s)
  ok  33 [chromium-desktop] › tests\e2e\motion.spec.ts:157:5 › resize and a partially failing animation API cannot strand a colored cover (881ms)
  ok  34 [chromium-desktop] › tests\e2e\readability.spec.ts:7:7 › readable page structure fits 1440px in both languages (1.9s)
  ok  36 [chromium-desktop] › tests\e2e\readability.spec.ts:29:5 › 200 percent text enlargement keeps all pages readable and the menu usable (3.1s)
  ok  37 [chromium-desktop] › tests\e2e\readability.spec.ts:60:5 › home summaries lead to additional detail and contact availability is clear before navigation (1.1s)
  ok  38 [chromium-desktop] › tests\e2e\site.spec.ts:13:5 › all real pages render, stay out of search and have no horizontal overflow (1.1s)
  ok  35 [chromium-desktop] › tests\e2e\revision-v3.spec.ts:4:5 › completed handwriting holds for a second then lands on the hero line boxes (7.1s)
  ok  40 [chromium-desktop] › tests\e2e\revision-v3.spec.ts:78:7 › company thumbnails in both languages wait offscreen and fade with travel (3.5s)
  ok  41 [chromium-desktop] › tests\e2e\revision-v3.spec.ts:78:7 › business thumbnails in both languages wait offscreen and fade with travel (3.6s)
  ok  39 [chromium-desktop] › tests\e2e\site.spec.ts:38:5 › menu traps Tab and Shift+Tab, closes with Escape and restores scroll and focus (8.3s)
  ok  42 [chromium-desktop] › tests\e2e\revision-v3.spec.ts:78:7 › about thumbnails in both languages wait offscreen and fade with travel (3.6s)
  ok  44 [chromium-desktop] › tests\e2e\revision-v3.spec.ts:142:5 › an About image inside the initial viewport enters and settles without scrolling (1.8s)
  ok  45 [chromium-desktop] › tests\e2e\revision-v3.spec.ts:174:5 › production copy has a prominent localized collaboration CTA and no draft notices (942ms)
  ok  46 [chromium-desktop] › tests\e2e\revision-v3.spec.ts:197:5 › cursor trails remain removed on mouse, touch and reduced motion (1.1s)
  ok  43 [chromium-desktop] › tests\e2e\site.spec.ts:81:5 › menu navigation focuses destination and Back leaves no lock (7.8s)
  ok  47 [chromium-desktop] › tests\e2e\storyboard.spec.ts:3:5 › opening writes the exact phrase with no ink dots before each pen stroke (7.1s)
  ok  49 [chromium-desktop] › tests\e2e\storyboard.spec.ts:62:7 › opening has no skip UI and releases focus on Tab (677ms)
  ok  50 [chromium-desktop] › tests\e2e\storyboard.spec.ts:62:7 › opening has no skip UI and releases focus on Escape (712ms)
  ok  51 [chromium-desktop] › tests\e2e\storyboard.spec.ts:62:7 › opening has no skip UI and releases focus on scroll (793ms)
  ok  52 [chromium-desktop] › tests\e2e\storyboard.spec.ts:90:5 › opening replays on reload and full home navigation in both languages (1.3s)
  ok  48 [chromium-desktop] › tests\e2e\site.spec.ts:100:5 › rapid close, reopen, resizing and short-height navigation remain usable (10.4s)
  ok  53 [chromium-desktop] › tests\e2e\storyboard.spec.ts:116:5 › device preferences and direct anchors work; the removed saved toggle has no effect (895ms)
  ok  54 [chromium-desktop] › tests\e2e\site.spec.ts:121:5 › contact cannot collect or falsely report sending; unpublished articles return 404 (805ms)
  ok  55 [chromium-desktop] › tests\e2e\storyboard.spec.ts:143:5 › changing reduced motion during the opening releases the native modal (730ms)
  ok  56 [chromium-desktop] › tests\e2e\site.spec.ts:154:5 › device reduced-motion persists on reload and keeps content visible without site controls (964ms)
  ok  58 [chromium-desktop] › tests\e2e\site.spec.ts:186:5 › cut-in ends in place across scrolling, touch has no pointer effect (3.6s)
  ok  57 [chromium-desktop] › tests\e2e\storyboard.spec.ts:159:5 › thumbnails wait transparent offscreen, fade and travel on entry, then stay settled (8.7s)
  ok  60 [chromium-desktop] › tests\e2e\storyboard.spec.ts:222:5 › an active image fade settles on OS change and a focused waiting card is immediately readable (7.3s)
  ok  61 [chromium-desktop] › tests\e2e\storyboard.spec.ts:250:5 › no JavaScript, forced colors and failed image animation all expose readable thumbnails (2.7s)
  ok  62 [chromium-desktop] › tests\e2e\thumbnails.spec.ts:22:5 › four selected assets load in all eight business placements in both languages and stay static on scroll (6.3s)
  ok  59 [chromium-desktop] › tests\e2e\site.spec.ts:223:5 › 360, 768, and effective 200% desktop zoom have no clipped controls (24.2s)
  ok  64 [chromium-desktop] › tests\e2e\site.spec.ts:246:5 › key pages and the full-screen menu pass axe WCAG 2.2 AA (3.3s)
  ok  65 [chromium-desktop] › tests\e2e\site.spec.ts:271:5 › without JavaScript all copy and footer routes remain available (536ms)
  ok  66 [chromium-desktop] › tests\e2e\site.spec.ts:290:5 › animation API failure leaves readable content and working navigation (826ms)
(node:33124) Warning: The 'NO_COLOR' env is ignored due to the 'FORCE_COLOR' env being set.
(Use `node --trace-warnings ...` to show where the warning was created)
(node:33124) Warning: The 'NO_COLOR' env is ignored due to the 'FORCE_COLOR' env being set.
(Use `node --trace-warnings ...` to show where the warning was created)
  ok  63 [chromium-desktop] › tests\e2e\thumbnails.spec.ts:70:5 › only the thumbnail cursor hover cycles eight palettes; focus and touch remain static (14.6s)
  ok  67 [chromium-mobile] › tests\e2e\afterglow.spec.ts:3:5 › authored text retains gradients except the intentionally static hero band and scroll cue (9.1s)
  ok  69 [chromium-mobile] › tests\e2e\afterglow.spec.ts:68:5 › independent text rhythms keep color after the background passes, then fade slowly to black (3.5s)
  ok  68 [chromium-desktop] › tests\e2e\thumbnails.spec.ts:124:5 › detail image hover honors device reduced motion and resumes on preference change while the hero stays static (9.0s)
(node:32648) Warning: The 'NO_COLOR' env is ignored due to the 'FORCE_COLOR' env being set.
(Use `node --trace-warnings ...` to show where the warning was created)
(node:32648) Warning: The 'NO_COLOR' env is ignored due to the 'FORCE_COLOR' env being set.
(Use `node --trace-warnings ...` to show where the warning was created)
  ok  71 [chromium-mobile] › tests\e2e\corporate-assets.spec.ts:4:5 › adopted concepts and illustrations load in both languages without implying real screens or a playable video (2.7s)
  ok  72 [chromium-mobile] › tests\e2e\corporate-assets.spec.ts:96:5 › social cards use the correct language, full image URLs and a news-specific cover (1.0s)
  ok  73 [chromium-mobile] › tests\e2e\gradient-surfaces.spec.ts:3:5 › section colors keep their authored palette and background washes remain soft (562ms)
  ok  74 [chromium-mobile] › tests\e2e\gradient-surfaces.spec.ts:44:5 › all Hero copy has readable normal ink with motion suppressed and a single image shade (943ms)
  ok  75 [chromium-mobile] › tests\e2e\gradient-surfaces.spec.ts:80:5 › body color cancels safely on reduced motion and animation API failure (591ms)
  ok  76 [chromium-mobile] › tests\e2e\gradient-surfaces.spec.ts:102:5 › production text wipes clear on resize and partial animation failure and reveal normal text (594ms)
  ok  70 [chromium-mobile] › tests\e2e\afterglow.spec.ts:146:5 › scrolled headings vary palettes without hydration mismatch while the hero stays still (16.5s)
  ok  78 [chromium-mobile] › tests\e2e\i18n.spec.ts:6:5 › English pages have localized headings, metadata, controls and server HTML (1.3s)
  ok  77 [chromium-mobile] › tests\e2e\hero-v4.spec.ts:4:7 › / lands once, stays still and saves business effects for scrolling (12.4s)
  ok  79 [chromium-mobile] › tests\e2e\i18n.spec.ts:56:5 › language switching preserves each page and business anchors, including menu navigation and Back (4.2s)
  ok  81 [chromium-mobile] › tests\e2e\i18n.spec.ts:99:5 › unpublished English articles and missing routes return localized 404 with honest translation choices (757ms)
  ok  82 [chromium-mobile] › tests\e2e\i18n.spec.ts:130:5 › English contact remains disabled, reports no send, and protects unsent drafts before language navigation (429ms)
  ok  83 [chromium-mobile] › tests\e2e\i18n.spec.ts:176:5 › 320px layouts keep both languages and menu controls within the screen (2.2s)
  ok  84 [chromium-mobile] › tests\e2e\i18n.spec.ts:217:5 › Device reduced motion survives language navigation without site controls and images are optional to understanding the company (1.1s)
  ok  85 [chromium-mobile] › tests\e2e\i18n.spec.ts:265:5 › English pages and menu pass WCAG 2.2 AA and work without JavaScript (4.5s)
  ok  80 [chromium-mobile] › tests\e2e\hero-v4.spec.ts:4:7 › /en lands once, stays still and saves business effects for scrolling (12.9s)
  ok  87 [chromium-mobile] › tests\e2e\hero-v4.spec.ts:122:5 › viewport-sized hero and static business band fit short, tall and narrow screens (1.6s)
  ok  86 [chromium-mobile] › tests\e2e\metrics.spec.ts:3:5 › the counter progresses once without shifting its width or announcing intermediate numbers (4.9s)
  ok  89 [chromium-mobile] › tests\e2e\metrics.spec.ts:42:5 › enabling device reduced motion during an active counter shows its final value and stops the number and color animation (1.3s)
  ok  90 [chromium-mobile] › tests\e2e\metrics.spec.ts:56:5 › both languages label the example figures and preserve readable values without motion or JavaScript (2.1s)
  ok  88 [chromium-mobile] › tests\e2e\motion.spec.ts:3:5 › text below the viewport keeps its entrance until visible, then settles to black once (3.7s)
  ok  91 [chromium-mobile] › tests\e2e\opening-lifecycle.spec.ts:3:5 › late font readiness cannot restart a dismissed opening after a device preference change (5.9s)
  ok  93 [chromium-mobile] › tests\e2e\production-text-motion.spec.ts:9:5 › body restores the observed Production wipe, moving gradient and timing rules (3.3s)
  ok  94 [chromium-mobile] › tests\e2e\production-text-motion.spec.ts:60:5 › utility text uses Production color-only motion without a wipe or changing its hit target (3.3s)
  ok  95 [chromium-mobile] › tests\e2e\production-text-motion.spec.ts:76:5 › menu restores separate wipe palettes on every opening and reveals keyboard-focused labels immediately (2.3s)
  ok  96 [chromium-mobile] › tests\e2e\readability.spec.ts:7:7 › readable page structure fits 320px in both languages (1.8s)
  ok  92 [chromium-mobile] › tests\e2e\motion.spec.ts:79:5 › opening the menu starts two color curtains and separate text wipes, then clears them (17.1s)
  ok  98 [chromium-mobile] › tests\e2e\motion.spec.ts:119:5 › pausing during the entrance clears decorative bands and images without hiding copy (1.1s)
  ok  97 [chromium-mobile] › tests\e2e\readability.spec.ts:7:7 › readable page structure fits 390px in both languages (2.0s)
  ok  99 [chromium-mobile] › tests\e2e\motion.spec.ts:157:5 › resize and a partially failing animation API cannot strand a colored cover (1.0s)
  ok 100 [chromium-mobile] › tests\e2e\readability.spec.ts:7:7 › readable page structure fits 768px in both languages (2.1s)
  ok 102 [chromium-mobile] › tests\e2e\readability.spec.ts:7:7 › readable page structure fits 1440px in both languages (2.0s)
  ok 103 [chromium-mobile] › tests\e2e\readability.spec.ts:29:5 › 200 percent text enlargement keeps all pages readable and the menu usable (3.4s)
  ok 101 [chromium-mobile] › tests\e2e\revision-v3.spec.ts:4:5 › completed handwriting holds for a second then lands on the hero line boxes (7.1s)
  ok 104 [chromium-mobile] › tests\e2e\readability.spec.ts:60:5 › home summaries lead to additional detail and contact availability is clear before navigation (1.2s)
  ok 106 [chromium-mobile] › tests\e2e\site.spec.ts:13:5 › all real pages render, stay out of search and have no horizontal overflow (1.2s)
  ok 105 [chromium-mobile] › tests\e2e\revision-v3.spec.ts:78:7 › company thumbnails in both languages wait offscreen and fade with travel (3.6s)
  ok 108 [chromium-mobile] › tests\e2e\revision-v3.spec.ts:78:7 › business thumbnails in both languages wait offscreen and fade with travel (3.6s)
  ok 107 [chromium-mobile] › tests\e2e\site.spec.ts:38:5 › menu traps Tab and Shift+Tab, closes with Escape and restores scroll and focus (8.2s)
  ok 109 [chromium-mobile] › tests\e2e\revision-v3.spec.ts:78:7 › about thumbnails in both languages wait offscreen and fade with travel (3.5s)
  ok 111 [chromium-mobile] › tests\e2e\revision-v3.spec.ts:142:5 › an About image inside the initial viewport enters and settles without scrolling (2.1s)
  ok 112 [chromium-mobile] › tests\e2e\revision-v3.spec.ts:174:5 › production copy has a prominent localized collaboration CTA and no draft notices (916ms)
  ok 113 [chromium-mobile] › tests\e2e\revision-v3.spec.ts:197:5 › cursor trails remain removed on mouse, touch and reduced motion (1.1s)
  ok 110 [chromium-mobile] › tests\e2e\site.spec.ts:81:5 › menu navigation focuses destination and Back leaves no lock (7.8s)
  ok 114 [chromium-mobile] › tests\e2e\storyboard.spec.ts:3:5 › opening writes the exact phrase with no ink dots before each pen stroke (7.2s)
  ok 116 [chromium-mobile] › tests\e2e\storyboard.spec.ts:62:7 › opening has no skip UI and releases focus on Tab (838ms)
  ok 117 [chromium-mobile] › tests\e2e\storyboard.spec.ts:62:7 › opening has no skip UI and releases focus on Escape (798ms)
  ok 118 [chromium-mobile] › tests\e2e\storyboard.spec.ts:62:7 › opening has no skip UI and releases focus on scroll (911ms)
  ok 119 [chromium-mobile] › tests\e2e\storyboard.spec.ts:90:5 › opening replays on reload and full home navigation in both languages (1.3s)
  ok 120 [chromium-mobile] › tests\e2e\storyboard.spec.ts:116:5 › device preferences and direct anchors work; the removed saved toggle has no effect (913ms)
  ok 121 [chromium-mobile] › tests\e2e\storyboard.spec.ts:143:5 › changing reduced motion during the opening releases the native modal (770ms)
  ok 115 [chromium-mobile] › tests\e2e\site.spec.ts:100:5 › rapid close, reopen, resizing and short-height navigation remain usable (10.3s)
  ok 123 [chromium-mobile] › tests\e2e\site.spec.ts:121:5 › contact cannot collect or falsely report sending; unpublished articles return 404 (765ms)
  ok 124 [chromium-mobile] › tests\e2e\site.spec.ts:154:5 › device reduced-motion persists on reload and keeps content visible without site controls (1.1s)
  ok 125 [chromium-mobile] › tests\e2e\site.spec.ts:186:5 › cut-in ends in place across scrolling, touch has no pointer effect (3.8s)
  ok 122 [chromium-mobile] › tests\e2e\storyboard.spec.ts:159:5 › thumbnails wait transparent offscreen, fade and travel on entry, then stay settled (8.6s)
  ok 127 [chromium-mobile] › tests\e2e\storyboard.spec.ts:222:5 › an active image fade settles on OS change and a focused waiting card is immediately readable (7.4s)
  ok 128 [chromium-mobile] › tests\e2e\storyboard.spec.ts:250:5 › no JavaScript, forced colors and failed image animation all expose readable thumbnails (2.8s)
  ok 129 [chromium-mobile] › tests\e2e\thumbnails.spec.ts:22:5 › four selected assets load in all eight business placements in both languages and stay static on scroll (6.3s)
  ok 126 [chromium-mobile] › tests\e2e\site.spec.ts:223:5 › 360, 768, and effective 200% desktop zoom have no clipped controls (24.6s)
  ok 131 [chromium-mobile] › tests\e2e\site.spec.ts:246:5 › key pages and the full-screen menu pass axe WCAG 2.2 AA (3.8s)
  ok 130 [chromium-mobile] › tests\e2e\thumbnails.spec.ts:70:5 › only the thumbnail cursor hover cycles eight palettes; focus and touch remain static (9.8s)
  ok 132 [chromium-mobile] › tests\e2e\site.spec.ts:271:5 › without JavaScript all copy and footer routes remain available (604ms)
  ok 134 [chromium-mobile] › tests\e2e\site.spec.ts:290:5 › animation API failure leaves readable content and working navigation (975ms)
(node:21868) Warning: The 'NO_COLOR' env is ignored due to the 'FORCE_COLOR' env being set.
(Use `node --trace-warnings ...` to show where the warning was created)
(node:21868) Warning: The 'NO_COLOR' env is ignored due to the 'FORCE_COLOR' env being set.
(Use `node --trace-warnings ...` to show where the warning was created)
  ok 133 [chromium-mobile] › tests\e2e\thumbnails.spec.ts:124:5 › detail image hover honors device reduced motion and resumes on preference change while the hero stays static (9.1s)
(node:42472) Warning: The 'NO_COLOR' env is ignored due to the 'FORCE_COLOR' env being set.
(Use `node --trace-warnings ...` to show where the warning was created)
(node:42472) Warning: The 'NO_COLOR' env is ignored due to the 'FORCE_COLOR' env being set.
(Use `node --trace-warnings ...` to show where the warning was created)
  ok 135 [webkit-mobile] › tests\e2e\afterglow.spec.ts:3:5 › authored text retains gradients except the intentionally static hero band and scroll cue (9.8s)
  ok 136 [webkit-mobile] › tests\e2e\corporate-assets.spec.ts:4:5 › adopted concepts and illustrations load in both languages without implying real screens or a playable video (5.8s)
  ok 137 [webkit-mobile] › tests\e2e\afterglow.spec.ts:68:5 › independent text rhythms keep color after the background passes, then fade slowly to black (4.4s)
  ok 138 [webkit-mobile] › tests\e2e\corporate-assets.spec.ts:96:5 › social cards use the correct language, full image URLs and a news-specific cover (1.4s)
  ok 140 [webkit-mobile] › tests\e2e\gradient-surfaces.spec.ts:3:5 › section colors keep their authored palette and background washes remain soft (1.1s)
  ok 141 [webkit-mobile] › tests\e2e\gradient-surfaces.spec.ts:44:5 › all Hero copy has readable normal ink with motion suppressed and a single image shade (1.3s)
  ok 142 [webkit-mobile] › tests\e2e\gradient-surfaces.spec.ts:80:5 › body color cancels safely on reduced motion and animation API failure (1.1s)
  ok 143 [webkit-mobile] › tests\e2e\gradient-surfaces.spec.ts:102:5 › production text wipes clear on resize and partial animation failure and reveal normal text (1.1s)
  ok 144 [webkit-mobile] › tests\e2e\hero-v4.spec.ts:4:7 › / lands once, stays still and saves business effects for scrolling (13.4s)
  ok 139 [webkit-mobile] › tests\e2e\afterglow.spec.ts:146:5 › scrolled headings vary palettes without hydration mismatch while the hero stays still (20.4s)
  ok 146 [webkit-mobile] › tests\e2e\i18n.spec.ts:6:5 › English pages have localized headings, metadata, controls and server HTML (2.1s)
  ok 147 [webkit-mobile] › tests\e2e\i18n.spec.ts:56:5 › language switching preserves each page and business anchors, including menu navigation and Back (9.3s)
  ok 145 [webkit-mobile] › tests\e2e\hero-v4.spec.ts:4:7 › /en lands once, stays still and saves business effects for scrolling (13.4s)
  ok 148 [webkit-mobile] › tests\e2e\i18n.spec.ts:99:5 › unpublished English articles and missing routes return localized 404 with honest translation choices (1.4s)
  ok 149 [webkit-mobile] › tests\e2e\hero-v4.spec.ts:122:5 › viewport-sized hero and static business band fit short, tall and narrow screens (2.0s)
  ok 150 [webkit-mobile] › tests\e2e\i18n.spec.ts:130:5 › English contact remains disabled, reports no send, and protects unsent drafts before language navigation (866ms)
  ok 152 [webkit-mobile] › tests\e2e\i18n.spec.ts:176:5 › 320px layouts keep both languages and menu controls within the screen (3.6s)
  ok 151 [webkit-mobile] › tests\e2e\metrics.spec.ts:3:5 › the counter progresses once without shifting its width or announcing intermediate numbers (5.3s)
  ok 153 [webkit-mobile] › tests\e2e\i18n.spec.ts:217:5 › Device reduced motion survives language navigation without site controls and images are optional to understanding the company (2.3s)
  ok 154 [webkit-mobile] › tests\e2e\metrics.spec.ts:42:5 › enabling device reduced motion during an active counter shows its final value and stops the number and color animation (1.4s)
  ok 156 [webkit-mobile] › tests\e2e\metrics.spec.ts:56:5 › both languages label the example figures and preserve readable values without motion or JavaScript (3.6s)
  ok 155 [webkit-mobile] › tests\e2e\i18n.spec.ts:265:5 › English pages and menu pass WCAG 2.2 AA and work without JavaScript (6.7s)
  ok 157 [webkit-mobile] › tests\e2e\motion.spec.ts:3:5 › text below the viewport keeps its entrance until visible, then settles to black once (4.1s)
  ok 158 [webkit-mobile] › tests\e2e\opening-lifecycle.spec.ts:3:5 › late font readiness cannot restart a dismissed opening after a device preference change (6.2s)
  ok 160 [webkit-mobile] › tests\e2e\production-text-motion.spec.ts:9:5 › body restores the observed Production wipe, moving gradient and timing rules (3.7s)
  ok 161 [webkit-mobile] › tests\e2e\production-text-motion.spec.ts:60:5 › utility text uses Production color-only motion without a wipe or changing its hit target (3.7s)
  ok 162 [webkit-mobile] › tests\e2e\production-text-motion.spec.ts:76:5 › menu restores separate wipe palettes on every opening and reveals keyboard-focused labels immediately (2.5s)
  ok 159 [webkit-mobile] › tests\e2e\motion.spec.ts:79:5 › opening the menu starts two color curtains and separate text wipes, then clears them (17.5s)
  ok 163 [webkit-mobile] › tests\e2e\readability.spec.ts:7:7 › readable page structure fits 320px in both languages (3.0s)
  ok 164 [webkit-mobile] › tests\e2e\motion.spec.ts:119:5 › pausing during the entrance clears decorative bands and images without hiding copy (2.1s)
  ok 165 [webkit-mobile] › tests\e2e\readability.spec.ts:7:7 › readable page structure fits 390px in both languages (3.6s)
  ok 166 [webkit-mobile] › tests\e2e\motion.spec.ts:157:5 › resize and a partially failing animation API cannot strand a colored cover (1.8s)
  ok 167 [webkit-mobile] › tests\e2e\readability.spec.ts:7:7 › readable page structure fits 768px in both languages (4.5s)
  ok 168 [webkit-mobile] › tests\e2e\revision-v3.spec.ts:4:5 › completed handwriting holds for a second then lands on the hero line boxes (7.8s)
  ok 169 [webkit-mobile] › tests\e2e\readability.spec.ts:7:7 › readable page structure fits 1440px in both languages (6.6s)
  ok 170 [webkit-mobile] › tests\e2e\revision-v3.spec.ts:78:7 › company thumbnails in both languages wait offscreen and fade with travel (3.9s)
  ok 172 [webkit-mobile] › tests\e2e\revision-v3.spec.ts:78:7 › business thumbnails in both languages wait offscreen and fade with travel (3.9s)
  ok 173 [webkit-mobile] › tests\e2e\revision-v3.spec.ts:78:7 › about thumbnails in both languages wait offscreen and fade with travel (3.9s)
  ok 171 [webkit-mobile] › tests\e2e\readability.spec.ts:29:5 › 200 percent text enlargement keeps all pages readable and the menu usable (10.9s)
  ok 174 [webkit-mobile] › tests\e2e\revision-v3.spec.ts:142:5 › an About image inside the initial viewport enters and settles without scrolling (2.6s)
  ok 176 [webkit-mobile] › tests\e2e\revision-v3.spec.ts:174:5 › production copy has a prominent localized collaboration CTA and no draft notices (2.0s)
  ok 175 [webkit-mobile] › tests\e2e\readability.spec.ts:60:5 › home summaries lead to additional detail and contact availability is clear before navigation (2.4s)
  ok 178 [webkit-mobile] › tests\e2e\site.spec.ts:13:5 › all real pages render, stay out of search and have no horizontal overflow (1.9s)
  ok 177 [webkit-mobile] › tests\e2e\revision-v3.spec.ts:197:5 › cursor trails remain removed on mouse, touch and reduced motion (2.1s)
  ok 180 [webkit-mobile] › tests\e2e\storyboard.spec.ts:3:5 › opening writes the exact phrase with no ink dots before each pen stroke (7.5s)
  ok 181 [webkit-mobile] › tests\e2e\storyboard.spec.ts:62:7 › opening has no skip UI and releases focus on Tab (1.6s)
  ok 179 [webkit-mobile] › tests\e2e\site.spec.ts:38:5 › menu traps Tab and Shift+Tab, closes with Escape and restores scroll and focus (9.6s)
  ok 182 [webkit-mobile] › tests\e2e\storyboard.spec.ts:62:7 › opening has no skip UI and releases focus on Escape (1.5s)
  ok 184 [webkit-mobile] › tests\e2e\storyboard.spec.ts:62:7 › opening has no skip UI and releases focus on scroll (1.6s)
  ok 183 [webkit-mobile] › tests\e2e\site.spec.ts:81:5 › menu navigation focuses destination and Back leaves no lock (8.7s)
  ok 185 [webkit-mobile] › tests\e2e\storyboard.spec.ts:90:5 › opening replays on reload and full home navigation in both languages (14.9s)
  ok 187 [webkit-mobile] › tests\e2e\storyboard.spec.ts:116:5 › device preferences and direct anchors work; the removed saved toggle has no effect (1.2s)
  ok 188 [webkit-mobile] › tests\e2e\storyboard.spec.ts:143:5 › changing reduced motion during the opening releases the native modal (1.3s)
  ok 186 [webkit-mobile] › tests\e2e\site.spec.ts:100:5 › rapid close, reopen, resizing and short-height navigation remain usable (12.6s)
  ok 190 [webkit-mobile] › tests\e2e\site.spec.ts:121:5 › contact cannot collect or falsely report sending; unpublished articles return 404 (1.2s)
  ok 191 [webkit-mobile] › tests\e2e\site.spec.ts:154:5 › device reduced-motion persists on reload and keeps content visible without site controls (1.4s)
  ok 192 [webkit-mobile] › tests\e2e\site.spec.ts:186:5 › cut-in ends in place across scrolling, touch has no pointer effect (4.5s)
  ok 189 [webkit-mobile] › tests\e2e\storyboard.spec.ts:159:5 › thumbnails wait transparent offscreen, fade and travel on entry, then stay settled (9.9s)
  ok 194 [webkit-mobile] › tests\e2e\storyboard.spec.ts:222:5 › an active image fade settles on OS change and a focused waiting card is immediately readable (9.0s)
  ok 195 [webkit-mobile] › tests\e2e\storyboard.spec.ts:250:5 › no JavaScript, forced colors and failed image animation all expose readable thumbnails (3.2s)
  ok 196 [webkit-mobile] › tests\e2e\thumbnails.spec.ts:22:5 › four selected assets load in all eight business placements in both languages and stay static on scroll (13.8s)
  ok 193 [webkit-mobile] › tests\e2e\site.spec.ts:223:5 › 360, 768, and effective 200% desktop zoom have no clipped controls (28.4s)
  ok 198 [webkit-mobile] › tests\e2e\site.spec.ts:246:5 › key pages and the full-screen menu pass axe WCAG 2.2 AA (4.9s)
  ok 199 [webkit-mobile] › tests\e2e\site.spec.ts:271:5 › without JavaScript all copy and footer routes remain available (890ms)
  ok 200 [webkit-mobile] › tests\e2e\site.spec.ts:290:5 › animation API failure leaves readable content and working navigation (2.1s)
  ok 197 [webkit-mobile] › tests\e2e\thumbnails.spec.ts:70:5 › only the thumbnail cursor hover cycles eight palettes; focus and touch remain static (10.8s)
  ok 201 [webkit-mobile] › tests\e2e\thumbnails.spec.ts:124:5 › detail image hover honors device reduced motion and resumes on preference change while the hero stays static (10.4s)

  201 passed (7.9m)
