
> mystena-corporate@1.0.0 build
> next build

▲ Next.js 16.3.4 (Turbopack)
✓ Running next.config.ts took 18ms

  Creating an optimized production build ...
✓ Compiled successfully in 427ms
  Running TypeScript ...
  Finished TypeScript in 1691ms ...
  Collecting page data using 24 workers ...
  Generating static pages using 24 workers (0/5) ...
  Generating static pages using 24 workers (1/5) 
  Generating static pages using 24 workers (2/5) 
  Generating static pages using 24 workers (3/5) 
✓ Generating static pages using 24 workers (5/5) in 587ms
  Finalizing page optimization ...
Turbopack build encountered 1 warning:
./
Warning: Failed to find font override values for font `LINE Seed JP`
Skipping generating a fallback font.



Route (app)
┌ ƒ /
├ ○ /_not-found
├ ƒ /[...missing]
├ ƒ /about
├ ƒ /api/contact
├ ƒ /business
├ ƒ /company
├ ƒ /contact
├ ƒ /en
├ ƒ /en/[...missing]
├ ƒ /en/about
├ ƒ /en/business
├ ƒ /en/company
├ ƒ /en/contact
├ ƒ /en/news
├ ƒ /en/news/[slug]
├ ƒ /en/privacy
├ ○ /icon.svg
├ ƒ /news
├ ƒ /news/[slug]
├ ƒ /privacy
└ ○ /robots.txt


○  (Static)   prerendered as static content
ƒ  (Dynamic)  server-rendered on demand

