
Running 159 tests using 2 workers

(node:2956) Warning: The 'NO_COLOR' env is ignored due to the 'FORCE_COLOR' env being set.
(Use `node --trace-warnings ...` to show where the warning was created)
(node:37220) Warning: The 'NO_COLOR' env is ignored due to the 'FORCE_COLOR' env being set.
(Use `node --trace-warnings ...` to show where the warning was created)
(node:2956) Warning: The 'NO_COLOR' env is ignored due to the 'FORCE_COLOR' env being set.
(Use `node --trace-warnings ...` to show where the warning was created)
(node:37220) Warning: The 'NO_COLOR' env is ignored due to the 'FORCE_COLOR' env being set.
(Use `node --trace-warnings ...` to show where the warning was created)
  ok   2 [chromium-desktop] › tests\e2e\corporate-assets.spec.ts:4:5 › adopted concepts and illustrations load in both languages without implying real screens or a playable video (3.3s)
  ok   3 [chromium-desktop] › tests\e2e\corporate-assets.spec.ts:91:5 › social cards use the correct language, full image URLs and a news-specific cover (1.2s)
  ok   1 [chromium-desktop] › tests\e2e\afterglow.spec.ts:3:5 › authored text retains gradients except the intentionally static hero band and scroll cue (8.7s)
  ok   5 [chromium-desktop] › tests\e2e\afterglow.spec.ts:68:5 › independent text rhythms keep color after the background passes, then fade slowly to black (4.0s)
  ok   4 [chromium-desktop] › tests\e2e\hero-v4.spec.ts:4:7 › / lands once, stays still and saves business effects for scrolling (13.0s)
  ok   6 [chromium-desktop] › tests\e2e\afterglow.spec.ts:147:5 › scrolled headings vary palettes without hydration mismatch while the hero stays still (15.6s)
  ok   8 [chromium-desktop] › tests\e2e\i18n.spec.ts:6:5 › English pages have localized headings, metadata, controls and server HTML (1.6s)
  ok   7 [chromium-desktop] › tests\e2e\hero-v4.spec.ts:4:7 › /en lands once, stays still and saves business effects for scrolling (13.6s)
  ok  10 [chromium-desktop] › tests\e2e\hero-v4.spec.ts:122:5 › viewport-sized hero and static business band fit short, tall and narrow screens (2.2s)
  ok   9 [chromium-desktop] › tests\e2e\i18n.spec.ts:56:5 › language switching preserves each page and business anchors, including menu navigation and Back (5.5s)
  ok  12 [chromium-desktop] › tests\e2e\i18n.spec.ts:99:5 › unpublished English articles and missing routes return localized 404 with honest translation choices (932ms)
  ok  13 [chromium-desktop] › tests\e2e\i18n.spec.ts:130:5 › English contact remains disabled, reports no send, and protects unsent drafts before language navigation (466ms)
  ok  11 [chromium-desktop] › tests\e2e\metrics.spec.ts:3:5 › the counter progresses once without shifting its width or announcing intermediate numbers (5.0s)
  ok  14 [chromium-desktop] › tests\e2e\i18n.spec.ts:176:5 › 320px layouts keep both languages and menu controls within the screen (2.5s)
  ok  15 [chromium-desktop] › tests\e2e\metrics.spec.ts:42:5 › enabling device reduced motion during an active counter shows its final value and stops the number and color animation (1.1s)
  ok  16 [chromium-desktop] › tests\e2e\i18n.spec.ts:217:5 › Device reduced motion survives language navigation without site controls and images are optional to understanding the company (1.6s)
  ok  17 [chromium-desktop] › tests\e2e\metrics.spec.ts:56:5 › both languages label the example figures and preserve readable values without motion or JavaScript (2.3s)
  ok  19 [chromium-desktop] › tests\e2e\motion.spec.ts:3:5 › text below the viewport keeps its entrance until visible, then settles to black once (4.3s)
  ok  18 [chromium-desktop] › tests\e2e\i18n.spec.ts:265:5 › English pages and menu pass WCAG 2.2 AA and work without JavaScript (6.3s)
  ok  21 [chromium-desktop] › tests\e2e\opening-lifecycle.spec.ts:3:5 › late font readiness cannot restart a dismissed opening after a device preference change (6.4s)
  ok  22 [chromium-desktop] › tests\e2e\revision-v3.spec.ts:4:5 › completed handwriting holds for a second then lands on the hero line boxes (7.5s)
  ok  20 [chromium-desktop] › tests\e2e\motion.spec.ts:78:5 › opening the menu starts two color curtains and separate text wipes, then clears them (17.8s)
  ok  23 [chromium-desktop] › tests\e2e\revision-v3.spec.ts:75:7 › company thumbnails in both languages wait offscreen and fade with travel (3.9s)
  ok  24 [chromium-desktop] › tests\e2e\motion.spec.ts:118:5 › pausing during the entrance clears decorative bands and images without hiding copy (1.3s)
  ok  26 [chromium-desktop] › tests\e2e\motion.spec.ts:156:5 › resize and a partially failing animation API cannot strand a colored cover (1.3s)
  ok  27 [chromium-desktop] › tests\e2e\site.spec.ts:13:5 › all real pages render, stay out of search and have no horizontal overflow (1.8s)
  ok  25 [chromium-desktop] › tests\e2e\revision-v3.spec.ts:75:7 › business thumbnails in both languages wait offscreen and fade with travel (4.1s)
  ok  29 [chromium-desktop] › tests\e2e\revision-v3.spec.ts:75:7 › about thumbnails in both languages wait offscreen and fade with travel (3.7s)
  ok  30 [chromium-desktop] › tests\e2e\revision-v3.spec.ts:124:5 › production copy has a prominent localized collaboration CTA and no draft notices (1.1s)
  ok  31 [chromium-desktop] › tests\e2e\revision-v3.spec.ts:147:5 › cursor trails remain removed on mouse, touch and reduced motion (1.1s)
  ok  28 [chromium-desktop] › tests\e2e\site.spec.ts:38:5 › menu traps Tab and Shift+Tab, closes with Escape and restores scroll and focus (8.8s)
  ok  32 [chromium-desktop] › tests\e2e\storyboard.spec.ts:3:5 › opening writes the exact phrase with no ink dots before each pen stroke (7.4s)
  ok  34 [chromium-desktop] › tests\e2e\storyboard.spec.ts:62:7 › opening has no skip UI and releases focus on Tab (908ms)
  ok  35 [chromium-desktop] › tests\e2e\storyboard.spec.ts:62:7 › opening has no skip UI and releases focus on Escape (921ms)
  ok  36 [chromium-desktop] › tests\e2e\storyboard.spec.ts:62:7 › opening has no skip UI and releases focus on scroll (1.1s)
  ok  33 [chromium-desktop] › tests\e2e\site.spec.ts:81:5 › menu navigation focuses destination and Back leaves no lock (8.3s)
  ok  37 [chromium-desktop] › tests\e2e\storyboard.spec.ts:86:5 › opening replays on reload and full home navigation in both languages (1.8s)
  ok  39 [chromium-desktop] › tests\e2e\storyboard.spec.ts:112:5 › device preferences and direct anchors work; the removed saved toggle has no effect (1.1s)
  ok  40 [chromium-desktop] › tests\e2e\storyboard.spec.ts:139:5 › changing reduced motion during the opening releases the native modal (897ms)
  ok  38 [chromium-desktop] › tests\e2e\site.spec.ts:100:5 › rapid close, reopen, resizing and short-height navigation remain usable (10.2s)
  ok  42 [chromium-desktop] › tests\e2e\site.spec.ts:121:5 › contact cannot collect or falsely report sending; unpublished articles return 404 (1.0s)
  ok  43 [chromium-desktop] › tests\e2e\site.spec.ts:154:5 › device reduced-motion persists on reload and keeps content visible without site controls (1.3s)
  ok  41 [chromium-desktop] › tests\e2e\storyboard.spec.ts:155:5 › thumbnails wait transparent offscreen, fade and travel on entry, then stay settled (9.0s)
  ok  44 [chromium-desktop] › tests\e2e\site.spec.ts:186:5 › cut-in ends in place across scrolling, touch has no pointer effect (3.9s)
  ok  45 [chromium-desktop] › tests\e2e\storyboard.spec.ts:218:5 › an active image fade settles on OS change and a focused waiting card is immediately readable (7.5s)
  ok  47 [chromium-desktop] › tests\e2e\storyboard.spec.ts:246:5 › no JavaScript, forced colors and failed image animation all expose readable thumbnails (3.0s)
  ok  48 [chromium-desktop] › tests\e2e\thumbnails.spec.ts:22:5 › four selected assets load in all eight business placements in both languages and stay static on scroll (8.3s)
  ok  46 [chromium-desktop] › tests\e2e\site.spec.ts:223:5 › 360, 768, and effective 200% desktop zoom have no clipped controls (24.1s)
  ok  50 [chromium-desktop] › tests\e2e\site.spec.ts:246:5 › key pages and the full-screen menu pass axe WCAG 2.2 AA (4.3s)
  ok  51 [chromium-desktop] › tests\e2e\site.spec.ts:271:5 › without JavaScript all copy and footer routes remain available (755ms)
  ok  52 [chromium-desktop] › tests\e2e\site.spec.ts:290:5 › animation API failure leaves readable content and working navigation (1.1s)
  ok  49 [chromium-desktop] › tests\e2e\thumbnails.spec.ts:70:5 › only the thumbnail cursor hover cycles eight palettes; focus and touch remain static (15.3s)
(node:22976) Warning: The 'NO_COLOR' env is ignored due to the 'FORCE_COLOR' env being set.
(Use `node --trace-warnings ...` to show where the warning was created)
(node:22976) Warning: The 'NO_COLOR' env is ignored due to the 'FORCE_COLOR' env being set.
(Use `node --trace-warnings ...` to show where the warning was created)
  ok  53 [chromium-desktop] › tests\e2e\thumbnails.spec.ts:124:5 › detail image hover honors device reduced motion and resumes on preference change while the hero stays static (10.0s)
  ok  54 [chromium-mobile] › tests\e2e\afterglow.spec.ts:3:5 › authored text retains gradients except the intentionally static hero band and scroll cue (9.6s)
(node:33560) Warning: The 'NO_COLOR' env is ignored due to the 'FORCE_COLOR' env being set.
(Use `node --trace-warnings ...` to show where the warning was created)
(node:33560) Warning: The 'NO_COLOR' env is ignored due to the 'FORCE_COLOR' env being set.
(Use `node --trace-warnings ...` to show where the warning was created)
  ok  56 [chromium-mobile] › tests\e2e\corporate-assets.spec.ts:4:5 › adopted concepts and illustrations load in both languages without implying real screens or a playable video (3.6s)
  ok  55 [chromium-mobile] › tests\e2e\afterglow.spec.ts:68:5 › independent text rhythms keep color after the background passes, then fade slowly to black (4.5s)
  ok  57 [chromium-mobile] › tests\e2e\corporate-assets.spec.ts:91:5 › social cards use the correct language, full image URLs and a news-specific cover (1.3s)
  ok  59 [chromium-mobile] › tests\e2e\hero-v4.spec.ts:4:7 › / lands once, stays still and saves business effects for scrolling (13.0s)
  ok  58 [chromium-mobile] › tests\e2e\afterglow.spec.ts:147:5 › scrolled headings vary palettes without hydration mismatch while the hero stays still (17.1s)
  ok  61 [chromium-mobile] › tests\e2e\i18n.spec.ts:6:5 › English pages have localized headings, metadata, controls and server HTML (1.4s)
  ok  62 [chromium-mobile] › tests\e2e\i18n.spec.ts:56:5 › language switching preserves each page and business anchors, including menu navigation and Back (4.7s)
  ok  63 [chromium-mobile] › tests\e2e\i18n.spec.ts:99:5 › unpublished English articles and missing routes return localized 404 with honest translation choices (960ms)
  ok  64 [chromium-mobile] › tests\e2e\i18n.spec.ts:130:5 › English contact remains disabled, reports no send, and protects unsent drafts before language navigation (523ms)
  ok  65 [chromium-mobile] › tests\e2e\i18n.spec.ts:176:5 › 320px layouts keep both languages and menu controls within the screen (2.6s)
  ok  60 [chromium-mobile] › tests\e2e\hero-v4.spec.ts:4:7 › /en lands once, stays still and saves business effects for scrolling (13.4s)
  ok  66 [chromium-mobile] › tests\e2e\i18n.spec.ts:217:5 › Device reduced motion survives language navigation without site controls and images are optional to understanding the company (1.7s)
  ok  67 [chromium-mobile] › tests\e2e\hero-v4.spec.ts:122:5 › viewport-sized hero and static business band fit short, tall and narrow screens (2.1s)
  ok  68 [chromium-mobile] › tests\e2e\i18n.spec.ts:265:5 › English pages and menu pass WCAG 2.2 AA and work without JavaScript (5.5s)
  ok  69 [chromium-mobile] › tests\e2e\metrics.spec.ts:3:5 › the counter progresses once without shifting its width or announcing intermediate numbers (5.1s)
  ok  71 [chromium-mobile] › tests\e2e\metrics.spec.ts:42:5 › enabling device reduced motion during an active counter shows its final value and stops the number and color animation (1.4s)
  ok  72 [chromium-mobile] › tests\e2e\metrics.spec.ts:56:5 › both languages label the example figures and preserve readable values without motion or JavaScript (2.7s)
  ok  70 [chromium-mobile] › tests\e2e\motion.spec.ts:3:5 › text below the viewport keeps its entrance until visible, then settles to black once (4.6s)
  ok  73 [chromium-mobile] › tests\e2e\opening-lifecycle.spec.ts:3:5 › late font readiness cannot restart a dismissed opening after a device preference change (6.2s)
  ok  75 [chromium-mobile] › tests\e2e\revision-v3.spec.ts:4:5 › completed handwriting holds for a second then lands on the hero line boxes (7.3s)
  ok  76 [chromium-mobile] › tests\e2e\revision-v3.spec.ts:75:7 › company thumbnails in both languages wait offscreen and fade with travel (3.7s)
  ok  74 [chromium-mobile] › tests\e2e\motion.spec.ts:78:5 › opening the menu starts two color curtains and separate text wipes, then clears them (17.6s)
  ok  78 [chromium-mobile] › tests\e2e\motion.spec.ts:118:5 › pausing during the entrance clears decorative bands and images without hiding copy (1.1s)
  ok  79 [chromium-mobile] › tests\e2e\motion.spec.ts:156:5 › resize and a partially failing animation API cannot strand a colored cover (1.2s)
  ok  77 [chromium-mobile] › tests\e2e\revision-v3.spec.ts:75:7 › business thumbnails in both languages wait offscreen and fade with travel (3.9s)
  ok  80 [chromium-mobile] › tests\e2e\site.spec.ts:13:5 › all real pages render, stay out of search and have no horizontal overflow (1.6s)
  ok  81 [chromium-mobile] › tests\e2e\revision-v3.spec.ts:75:7 › about thumbnails in both languages wait offscreen and fade with travel (3.8s)
  ok  83 [chromium-mobile] › tests\e2e\revision-v3.spec.ts:124:5 › production copy has a prominent localized collaboration CTA and no draft notices (1.2s)
  ok  84 [chromium-mobile] › tests\e2e\revision-v3.spec.ts:147:5 › cursor trails remain removed on mouse, touch and reduced motion (1.1s)
  ok  82 [chromium-mobile] › tests\e2e\site.spec.ts:38:5 › menu traps Tab and Shift+Tab, closes with Escape and restores scroll and focus (8.4s)
  ok  85 [chromium-mobile] › tests\e2e\storyboard.spec.ts:3:5 › opening writes the exact phrase with no ink dots before each pen stroke (7.3s)
  ok  87 [chromium-mobile] › tests\e2e\storyboard.spec.ts:62:7 › opening has no skip UI and releases focus on Tab (884ms)
  ok  88 [chromium-mobile] › tests\e2e\storyboard.spec.ts:62:7 › opening has no skip UI and releases focus on Escape (990ms)
  ok  89 [chromium-mobile] › tests\e2e\storyboard.spec.ts:62:7 › opening has no skip UI and releases focus on scroll (1.0s)
  ok  86 [chromium-mobile] › tests\e2e\site.spec.ts:81:5 › menu navigation focuses destination and Back leaves no lock (8.2s)
  ok  90 [chromium-mobile] › tests\e2e\storyboard.spec.ts:86:5 › opening replays on reload and full home navigation in both languages (1.7s)
  ok  92 [chromium-mobile] › tests\e2e\storyboard.spec.ts:112:5 › device preferences and direct anchors work; the removed saved toggle has no effect (1.2s)
  ok  93 [chromium-mobile] › tests\e2e\storyboard.spec.ts:139:5 › changing reduced motion during the opening releases the native modal (903ms)
  ok  91 [chromium-mobile] › tests\e2e\site.spec.ts:100:5 › rapid close, reopen, resizing and short-height navigation remain usable (10.6s)
  ok  95 [chromium-mobile] › tests\e2e\site.spec.ts:121:5 › contact cannot collect or falsely report sending; unpublished articles return 404 (1.0s)
  ok  94 [chromium-mobile] › tests\e2e\storyboard.spec.ts:155:5 › thumbnails wait transparent offscreen, fade and travel on entry, then stay settled (8.9s)
  ok  96 [chromium-mobile] › tests\e2e\site.spec.ts:154:5 › device reduced-motion persists on reload and keeps content visible without site controls (1.5s)
  ok  98 [chromium-mobile] › tests\e2e\site.spec.ts:186:5 › cut-in ends in place across scrolling, touch has no pointer effect (4.0s)
  ok  97 [chromium-mobile] › tests\e2e\storyboard.spec.ts:218:5 › an active image fade settles on OS change and a focused waiting card is immediately readable (7.6s)
  ok 100 [chromium-mobile] › tests\e2e\storyboard.spec.ts:246:5 › no JavaScript, forced colors and failed image animation all expose readable thumbnails (3.3s)
  ok 101 [chromium-mobile] › tests\e2e\thumbnails.spec.ts:22:5 › four selected assets load in all eight business placements in both languages and stay static on scroll (7.0s)
  ok 102 [chromium-mobile] › tests\e2e\thumbnails.spec.ts:70:5 › only the thumbnail cursor hover cycles eight palettes; focus and touch remain static (10.0s)
  ok  99 [chromium-mobile] › tests\e2e\site.spec.ts:223:5 › 360, 768, and effective 200% desktop zoom have no clipped controls (25.2s)
  ok 104 [chromium-mobile] › tests\e2e\site.spec.ts:246:5 › key pages and the full-screen menu pass axe WCAG 2.2 AA (4.0s)
  ok 105 [chromium-mobile] › tests\e2e\site.spec.ts:271:5 › without JavaScript all copy and footer routes remain available (821ms)
  ok 106 [chromium-mobile] › tests\e2e\site.spec.ts:290:5 › animation API failure leaves readable content and working navigation (1.1s)
(node:7440) Warning: The 'NO_COLOR' env is ignored due to the 'FORCE_COLOR' env being set.
(Use `node --trace-warnings ...` to show where the warning was created)
  ok 103 [chromium-mobile] › tests\e2e\thumbnails.spec.ts:124:5 › detail image hover honors device reduced motion and resumes on preference change while the hero stays static (9.4s)
(node:7440) Warning: The 'NO_COLOR' env is ignored due to the 'FORCE_COLOR' env being set.
(Use `node --trace-warnings ...` to show where the warning was created)
(node:37120) Warning: The 'NO_COLOR' env is ignored due to the 'FORCE_COLOR' env being set.
(Use `node --trace-warnings ...` to show where the warning was created)
(node:37120) Warning: The 'NO_COLOR' env is ignored due to the 'FORCE_COLOR' env being set.
(Use `node --trace-warnings ...` to show where the warning was created)
  ok 108 [webkit-mobile] › tests\e2e\corporate-assets.spec.ts:4:5 › adopted concepts and illustrations load in both languages without implying real screens or a playable video (8.0s)
  ok 107 [webkit-mobile] › tests\e2e\afterglow.spec.ts:3:5 › authored text retains gradients except the intentionally static hero band and scroll cue (10.6s)
  ok 109 [webkit-mobile] › tests\e2e\corporate-assets.spec.ts:91:5 › social cards use the correct language, full image URLs and a news-specific cover (2.1s)
  ok 110 [webkit-mobile] › tests\e2e\afterglow.spec.ts:68:5 › independent text rhythms keep color after the background passes, then fade slowly to black (5.2s)
  ok 111 [webkit-mobile] › tests\e2e\hero-v4.spec.ts:4:7 › / lands once, stays still and saves business effects for scrolling (14.2s)
  ok 112 [webkit-mobile] › tests\e2e\afterglow.spec.ts:147:5 › scrolled headings vary palettes without hydration mismatch while the hero stays still (21.7s)
  ok 113 [webkit-mobile] › tests\e2e\hero-v4.spec.ts:4:7 › /en lands once, stays still and saves business effects for scrolling (13.9s)
  ok 114 [webkit-mobile] › tests\e2e\i18n.spec.ts:6:5 › English pages have localized headings, metadata, controls and server HTML (2.7s)
  ok 115 [webkit-mobile] › tests\e2e\hero-v4.spec.ts:122:5 › viewport-sized hero and static business band fit short, tall and narrow screens (2.4s)
  ok 117 [webkit-mobile] › tests\e2e\metrics.spec.ts:3:5 › the counter progresses once without shifting its width or announcing intermediate numbers (5.7s)
  ok 118 [webkit-mobile] › tests\e2e\metrics.spec.ts:42:5 › enabling device reduced motion during an active counter shows its final value and stops the number and color animation (1.7s)
  ok 116 [webkit-mobile] › tests\e2e\i18n.spec.ts:56:5 › language switching preserves each page and business anchors, including menu navigation and Back (11.8s)
  ok 119 [webkit-mobile] › tests\e2e\metrics.spec.ts:56:5 › both languages label the example figures and preserve readable values without motion or JavaScript (4.4s)
  ok 120 [webkit-mobile] › tests\e2e\i18n.spec.ts:99:5 › unpublished English articles and missing routes return localized 404 with honest translation choices (1.7s)
  ok 122 [webkit-mobile] › tests\e2e\i18n.spec.ts:130:5 › English contact remains disabled, reports no send, and protects unsent drafts before language navigation (1.1s)
  ok 121 [webkit-mobile] › tests\e2e\motion.spec.ts:3:5 › text below the viewport keeps its entrance until visible, then settles to black once (4.8s)
  ok 123 [webkit-mobile] › tests\e2e\i18n.spec.ts:176:5 › 320px layouts keep both languages and menu controls within the screen (4.9s)
  ok 125 [webkit-mobile] › tests\e2e\i18n.spec.ts:217:5 › Device reduced motion survives language navigation without site controls and images are optional to understanding the company (2.8s)
  ok 126 [webkit-mobile] › tests\e2e\i18n.spec.ts:265:5 › English pages and menu pass WCAG 2.2 AA and work without JavaScript (7.0s)
  ok 124 [webkit-mobile] › tests\e2e\motion.spec.ts:78:5 › opening the menu starts two color curtains and separate text wipes, then clears them (17.8s)
  ok 127 [webkit-mobile] › tests\e2e\opening-lifecycle.spec.ts:3:5 › late font readiness cannot restart a dismissed opening after a device preference change (6.6s)
  ok 128 [webkit-mobile] › tests\e2e\motion.spec.ts:118:5 › pausing during the entrance clears decorative bands and images without hiding copy (2.3s)
  ok 130 [webkit-mobile] › tests\e2e\motion.spec.ts:156:5 › resize and a partially failing animation API cannot strand a colored cover (1.9s)
  ok 131 [webkit-mobile] › tests\e2e\site.spec.ts:13:5 › all real pages render, stay out of search and have no horizontal overflow (2.0s)
  ok 129 [webkit-mobile] › tests\e2e\revision-v3.spec.ts:4:5 › completed handwriting holds for a second then lands on the hero line boxes (7.8s)
  ok 133 [webkit-mobile] › tests\e2e\revision-v3.spec.ts:75:7 › company thumbnails in both languages wait offscreen and fade with travel (4.1s)
  ok 132 [webkit-mobile] › tests\e2e\site.spec.ts:38:5 › menu traps Tab and Shift+Tab, closes with Escape and restores scroll and focus (9.1s)
  ok 134 [webkit-mobile] › tests\e2e\revision-v3.spec.ts:75:7 › business thumbnails in both languages wait offscreen and fade with travel (4.2s)
  ok 136 [webkit-mobile] › tests\e2e\revision-v3.spec.ts:75:7 › about thumbnails in both languages wait offscreen and fade with travel (4.0s)
  ok 137 [webkit-mobile] › tests\e2e\revision-v3.spec.ts:124:5 › production copy has a prominent localized collaboration CTA and no draft notices (2.1s)
  ok 135 [webkit-mobile] › tests\e2e\site.spec.ts:81:5 › menu navigation focuses destination and Back leaves no lock (9.4s)
  ok 138 [webkit-mobile] › tests\e2e\revision-v3.spec.ts:147:5 › cursor trails remain removed on mouse, touch and reduced motion (2.4s)
  ok 140 [webkit-mobile] › tests\e2e\storyboard.spec.ts:3:5 › opening writes the exact phrase with no ink dots before each pen stroke (7.8s)
  ok 141 [webkit-mobile] › tests\e2e\storyboard.spec.ts:62:7 › opening has no skip UI and releases focus on Tab (1.6s)
  ok 142 [webkit-mobile] › tests\e2e\storyboard.spec.ts:62:7 › opening has no skip UI and releases focus on Escape (1.6s)
  ok 143 [webkit-mobile] › tests\e2e\storyboard.spec.ts:62:7 › opening has no skip UI and releases focus on scroll (1.7s)
  ok 139 [webkit-mobile] › tests\e2e\site.spec.ts:100:5 › rapid close, reopen, resizing and short-height navigation remain usable (13.3s)
  ok 145 [webkit-mobile] › tests\e2e\site.spec.ts:121:5 › contact cannot collect or falsely report sending; unpublished articles return 404 (1.5s)
  ok 146 [webkit-mobile] › tests\e2e\site.spec.ts:154:5 › device reduced-motion persists on reload and keeps content visible without site controls (1.8s)
  ok 147 [webkit-mobile] › tests\e2e\site.spec.ts:186:5 › cut-in ends in place across scrolling, touch has no pointer effect (4.9s)
  ok 144 [webkit-mobile] › tests\e2e\storyboard.spec.ts:86:5 › opening replays on reload and full home navigation in both languages (9.0s)
  ok 149 [webkit-mobile] › tests\e2e\storyboard.spec.ts:112:5 › device preferences and direct anchors work; the removed saved toggle has no effect (1.5s)
  ok 150 [webkit-mobile] › tests\e2e\storyboard.spec.ts:139:5 › changing reduced motion during the opening releases the native modal (1.3s)
  ok 151 [webkit-mobile] › tests\e2e\storyboard.spec.ts:155:5 › thumbnails wait transparent offscreen, fade and travel on entry, then stay settled (9.8s)
  ok 152 [webkit-mobile] › tests\e2e\storyboard.spec.ts:218:5 › an active image fade settles on OS change and a focused waiting card is immediately readable (8.6s)
  ok 153 [webkit-mobile] › tests\e2e\storyboard.spec.ts:246:5 › no JavaScript, forced colors and failed image animation all expose readable thumbnails (3.6s)
  ok 148 [webkit-mobile] › tests\e2e\site.spec.ts:223:5 › 360, 768, and effective 200% desktop zoom have no clipped controls (28.6s)
  ok 155 [webkit-mobile] › tests\e2e\site.spec.ts:246:5 › key pages and the full-screen menu pass axe WCAG 2.2 AA (5.2s)
  ok 156 [webkit-mobile] › tests\e2e\site.spec.ts:271:5 › without JavaScript all copy and footer routes remain available (929ms)
  ok 157 [webkit-mobile] › tests\e2e\site.spec.ts:290:5 › animation API failure leaves readable content and working navigation (2.1s)
  ok 154 [webkit-mobile] › tests\e2e\thumbnails.spec.ts:22:5 › four selected assets load in all eight business placements in both languages and stay static on scroll (14.5s)
  ok 158 [webkit-mobile] › tests\e2e\thumbnails.spec.ts:70:5 › only the thumbnail cursor hover cycles eight palettes; focus and touch remain static (10.7s)
  ok 159 [webkit-mobile] › tests\e2e\thumbnails.spec.ts:124:5 › detail image hover honors device reduced motion and resumes on preference change while the hero stays static (10.5s)

  159 passed (7.6m)
